Component: ARM Compiler 5.06 update 6 (build 750) Tool: armlink [4d35ed]

==============================================================================

Section Cross References

    main.o(.text) refers to delay.o(.text) for delay_init
    main.o(.text) refers to misc.o(.text) for NVIC_PriorityGroupConfig
    main.o(.text) refers to rc_uart_dma.o(.text) for Uart_Init
    main.o(.text) refers to led.o(.text) for LED_Init
    main.o(.text) refers to os_core.o(.text) for OSInit
    main.o(.text) refers to cpu_a.o(.text) for CPU_SR_Save
    main.o(.text) refers to os_task.o(.text) for OSTaskCreate
    main.o(.text) refers to os_var.o(.data) for OSSchedLockNestingCtr
    main.o(.text) refers to my_task.o(.bss) for CREATE_TASK_STK
    main.o(.text) refers to my_task.o(.text) for Create_task
    system_stm32f4xx.o(.text) refers to system_stm32f4xx.o(.data) for SystemCoreClock
    my_task.o(.text) refers to os_sem.o(.text) for OSSemPend
    my_task.o(.text) refers to delay.o(.text) for delay_ms
    my_task.o(.text) refers to exchange.o(.text) for Robot_Init
    my_task.o(.text) refers to cpu_core.o(.text) for CPU_Init
    my_task.o(.text) refers to os_stat.o(.text) for OSStatTaskCPUUsageInit
    my_task.o(.text) refers to os_core.o(.text) for OSSchedRoundRobinCfg
    my_task.o(.text) refers to cpu_a.o(.text) for CPU_SR_Save
    my_task.o(.text) refers to os_task.o(.text) for OSTaskCreate
    my_task.o(.text) refers to my_task.o(.data) for Merr
    my_task.o(.text) refers to my_task.o(.bss) for Move_SEM
    my_task.o(.text) refers to os_var.o(.data) for OSSchedLockNestingCtr
    led.o(.text) refers to stm32f4xx_rcc.o(.text) for RCC_AHB1PeriphClockCmd
    led.o(.text) refers to stm32f4xx_gpio.o(.text) for GPIO_Init
    can.o(.text) refers to stm32f4xx_rcc.o(.text) for RCC_AHB1PeriphClockCmd
    can.o(.text) refers to stm32f4xx_gpio.o(.text) for GPIO_Init
    can.o(.text) refers to stm32f4xx_can.o(.text) for CAN_Init
    can.o(.text) refers to misc.o(.text) for NVIC_Init
    can.o(.text) refers to os_core.o(.text) for OSIntEnter
    can.o(.text) refers to rc_2006.o(.text) for M2006_Get_Feedback
    can.o(.text) refers to exchange.o(.text) for Robot_Init
    can.o(.text) refers to can.o(.bss) for CAN1RxMessage
    can.o(.text) refers to rc_elmo.o(.data) for Elmo_Init_Flag
    can.o(.text) refers to exchange.o(.bss) for RobotStatus
    can.o(.text) refers to can.o(.data) for debug
    rc_2006.o(.text) refers to can.o(.text) for CAN1_Send_Msg
    rc_2006.o(.text) refers to rc_2006.o(.data) for can_Sendbuf
    rc_2006.o(.text) refers to rc_2006.o(.bss) for M2006_Feedback_Buf
    rc_elmo.o(.text) refers to rc_elmo.o(.bss) for QUEUE_CAN_ID0
    rc_elmo.o(.text) refers to rc_elmo.o(.data) for QUEUE_CAN_IDx
    rc_elmo.o(.text) refers to stm32f4xx_tim.o(.text) for TIM_ITConfig
    rc_elmo.o(.text) refers to rt_memclr_w.o(.text) for __aeabi_memclr4
    rc_elmo.o(.text) refers to stm32f4xx_rcc.o(.text) for RCC_APB1PeriphClockCmd
    rc_elmo.o(.text) refers to misc.o(.text) for NVIC_Init
    rc_elmo.o(.text) refers to stm32f4xx_gpio.o(.text) for GPIO_Init
    rc_elmo.o(.text) refers to stm32f4xx_can.o(.text) for CAN_FilterInit
    rc_elmo.o(.text) refers to os_core.o(.text) for OSIntEnter
    timer.o(.text) refers to stm32f4xx_rcc.o(.text) for RCC_APB1PeriphClockCmd
    timer.o(.text) refers to stm32f4xx_tim.o(.text) for TIM_TimeBaseInit
    timer.o(.text) refers to misc.o(.text) for NVIC_Init
    timer.o(.text) refers to os_core.o(.text) for OSIntEnter
    timer.o(.text) refers to exchange.o(.bss) for RobotStatus
    startup_stm32f40_41xxx.o(STACK) refers (Special) to heapauxi.o(.text) for __use_two_region_memory
    startup_stm32f40_41xxx.o(HEAP) refers (Special) to heapauxi.o(.text) for __use_two_region_memory
    startup_stm32f40_41xxx.o(RESET) refers (Special) to heapauxi.o(.text) for __use_two_region_memory
    startup_stm32f40_41xxx.o(RESET) refers to startup_stm32f40_41xxx.o(STACK) for __initial_sp
    startup_stm32f40_41xxx.o(RESET) refers to startup_stm32f40_41xxx.o(.text) for Reset_Handler
    startup_stm32f40_41xxx.o(RESET) refers to stm32f4xx_it.o(.text) for NMI_Handler
    startup_stm32f40_41xxx.o(RESET) refers to os_cpu_a.o(CODE) for PendSV_Handler
    startup_stm32f40_41xxx.o(RESET) refers to delay.o(.text) for SysTick_Handler
    startup_stm32f40_41xxx.o(RESET) refers to can.o(.text) for CAN1_RX1_IRQHandler
    startup_stm32f40_41xxx.o(RESET) refers to timer.o(.text) for TIM2_IRQHandler
    startup_stm32f40_41xxx.o(RESET) refers to rc_elmo.o(.text) for TIM7_IRQHandler
    startup_stm32f40_41xxx.o(RESET) refers to rc_uart_dma.o(.text) for DMA2_Stream6_IRQHandler
    startup_stm32f40_41xxx.o(.text) refers (Special) to heapauxi.o(.text) for __use_two_region_memory
    startup_stm32f40_41xxx.o(.text) refers to system_stm32f4xx.o(.text) for SystemInit
    startup_stm32f40_41xxx.o(.text) refers to __main.o(!!!main) for __main
    startup_stm32f40_41xxx.o(.text) refers to startup_stm32f40_41xxx.o(HEAP) for Heap_Mem
[...]
    GPIO_ResetBits                           0x08003631   Thumb Code     4  stm32f4xx_gpio.o(.text)
    GPIO_WriteBit                            0x08003635   Thumb Code    10  stm32f4xx_gpio.o(.text)
    GPIO_Write                               0x0800363f   Thumb Code     4  stm32f4xx_gpio.o(.text)
    GPIO_ToggleBits                          0x08003643   Thumb Code     8  stm32f4xx_gpio.o(.text)
    GPIO_PinAFConfig                         0x0800364b   Thumb Code    70  stm32f4xx_gpio.o(.text)
    RCC_DeInit                               0x080036bd   Thumb Code    82  stm32f4xx_rcc.o(.text)
    RCC_HSEConfig                            0x0800370f   Thumb Code    14  stm32f4xx_rcc.o(.text)
    RCC_GetFlagStatus                        0x0800371d   Thumb Code    60  stm32f4xx_rcc.o(.text)
    RCC_WaitForHSEStartUp                    0x08003759   Thumb Code    56  stm32f4xx_rcc.o(.text)
    RCC_AdjustHSICalibrationValue            0x08003791   Thumb Code    20  stm32f4xx_rcc.o(.text)
    RCC_HSICmd                               0x080037a5   Thumb Code     6  stm32f4xx_rcc.o(.text)
    RCC_LSEConfig                            0x080037ab   Thumb Code    46  stm32f4xx_rcc.o(.text)
    RCC_LSICmd                               0x080037d9   Thumb Code     6  stm32f4xx_rcc.o(.text)
    RCC_PLLConfig                            0x080037df   Thumb Code    32  stm32f4xx_rcc.o(.text)
    RCC_PLLCmd                               0x080037ff   Thumb Code     6  stm32f4xx_rcc.o(.text)
    RCC_PLLI2SConfig                         0x08003805   Thumb Code    14  stm32f4xx_rcc.o(.text)
    RCC_PLLI2SCmd                            0x08003813   Thumb Code     6  stm32f4xx_rcc.o(.text)
    RCC_PLLSAIConfig                         0x08003819   Thumb Code    20  stm32f4xx_rcc.o(.text)
    RCC_PLLSAICmd                            0x0800382d   Thumb Code     6  stm32f4xx_rcc.o(.text)
    RCC_ClockSecuritySystemCmd               0x08003833   Thumb Code     6  stm32f4xx_rcc.o(.text)
    RCC_MCO1Config                           0x08003839   Thumb Code    28  stm32f4xx_rcc.o(.text)
    RCC_MCO2Config                           0x08003855   Thumb Code    28  stm32f4xx_rcc.o(.text)
    RCC_SYSCLKConfig                         0x08003871   Thumb Code    20  stm32f4xx_rcc.o(.text)
    RCC_GetSYSCLKSource                      0x08003885   Thumb Code    12  stm32f4xx_rcc.o(.text)
    RCC_HCLKConfig                           0x08003891   Thumb Code    20  stm32f4xx_rcc.o(.text)
    RCC_PCLK1Config                          0x080038a5   Thumb Code    20  stm32f4xx_rcc.o(.text)
    RCC_PCLK2Config                          0x080038b9   Thumb Code    22  stm32f4xx_rcc.o(.text)
    RCC_GetClocksFreq                        0x080038cf   Thumb Code   222  stm32f4xx_rcc.o(.text)
    RCC_RTCCLKConfig                         0x080039ad   Thumb Code    54  stm32f4xx_rcc.o(.text)
    RCC_RTCCLKCmd                            0x080039e3   Thumb Code     8  stm32f4xx_rcc.o(.text)
    RCC_BackupResetCmd                       0x080039eb   Thumb Code     8  stm32f4xx_rcc.o(.text)
    RCC_I2SCLKConfig                         0x080039f3   Thumb Code     6  stm32f4xx_rcc.o(.text)
    RCC_SAIPLLI2SClkDivConfig                0x080039f9   Thumb Code    26  stm32f4xx_rcc.o(.text)
    RCC_SAIPLLSAIClkDivConfig                0x08003a13   Thumb Code    28  stm32f4xx_rcc.o(.text)
    RCC_SAIBlockACLKConfig                   0x08003a2f   Thumb Code    20  stm32f4xx_rcc.o(.text)
    RCC_SAIBlockBCLKConfig                   0x08003a43   Thumb Code    20  stm32f4xx_rcc.o(.text)
    RCC_LTDCCLKDivConfig                     0x08003a57   Thumb Code    20  stm32f4xx_rcc.o(.text)
    RCC_TIMCLKPresConfig                     0x08003a6b   Thumb Code     6  stm32f4xx_rcc.o(.text)
    RCC_AHB1PeriphClockCmd                   0x08003a71   Thumb Code    34  stm32f4xx_rcc.o(.text)
    RCC_AHB2PeriphClockCmd                   0x08003a93   Thumb Code    78  stm32f4xx_rcc.o(.text)
    RCC_AHB3PeriphClockCmd                   0x08003ae1   Thumb Code    34  stm32f4xx_rcc.o(.text)
    RCC_APB1PeriphClockCmd                   0x08003b03   Thumb Code    34  stm32f4xx_rcc.o(.text)
    RCC_APB2PeriphClockCmd                   0x08003b25   Thumb Code    34  stm32f4xx_rcc.o(.text)
    RCC_AHB1PeriphResetCmd                   0x08003b47   Thumb Code    34  stm32f4xx_rcc.o(.text)
    RCC_AHB2PeriphResetCmd                   0x08003b69   Thumb Code    34  stm32f4xx_rcc.o(.text)
    RCC_AHB3PeriphResetCmd                   0x08003b8b   Thumb Code    34  stm32f4xx_rcc.o(.text)
    RCC_APB1PeriphResetCmd                   0x08003bad   Thumb Code    34  stm32f4xx_rcc.o(.text)
    RCC_APB2PeriphResetCmd                   0x08003bcf   Thumb Code    34  stm32f4xx_rcc.o(.text)
    RCC_AHB1PeriphClockLPModeCmd             0x08003bf1   Thumb Code    34  stm32f4xx_rcc.o(.text)
    RCC_AHB2PeriphClockLPModeCmd             0x08003c13   Thumb Code    34  stm32f4xx_rcc.o(.text)
    RCC_AHB3PeriphClockLPModeCmd             0x08003c35   Thumb Code    34  stm32f4xx_rcc.o(.text)
    RCC_APB1PeriphClockLPModeCmd             0x08003c57   Thumb Code    34  stm32f4xx_rcc.o(.text)
    RCC_APB2PeriphClockLPModeCmd             0x08003c79   Thumb Code    34  stm32f4xx_rcc.o(.text)
    RCC_LSEModeConfig                        0x08003c9b   Thumb Code    40  stm32f4xx_rcc.o(.text)
    RCC_ITConfig                             0x08003cc3   Thumb Code    34  stm32f4xx_rcc.o(.text)
    RCC_ClearFlag                            0x08003ce5   Thumb Code    18  stm32f4xx_rcc.o(.text)
    RCC_GetITStatus                          0x08003cf7   Thumb Code    22  stm32f4xx_rcc.o(.text)
    RCC_ClearITPendingBit                    0x08003d0d   Thumb Code     8  stm32f4xx_rcc.o(.text)
    USART_DeInit                             0x08003d19   Thumb Code   206  stm32f4xx_usart.o(.text)
    USART_Init                               0x08003de7   Thumb Code   204  stm32f4xx_usart.o(.text)
    USART_StructInit                         0x08003eb3   Thumb Code    24  stm32f4xx_usart.o(.text)
    USART_ClockInit                          0x08003ecb   Thumb Code    32  stm32f4xx_usart.o(.text)
    USART_ClockStructInit                    0x08003eeb   Thumb Code    12  stm32f4xx_usart.o(.text)
    USART_Cmd                                0x08003ef7   Thumb Code    24  stm32f4xx_usart.o(.text)
    USART_SetPrescaler                       0x08003f0f   Thumb Code    16  stm32f4xx_usart.o(.text)
    USART_OverSampling8Cmd                   0x08003f1f   Thumb Code    22  stm32f4xx_usart.o(.text)
    USART_OneBitMethodCmd                    0x08003f35   Thumb Code    24  stm32f4xx_usart.o(.text)
    USART_SendData                           0x08003f4d   Thumb Code     8  stm32f4xx_usart.o(.text)
    USART_ReceiveData                        0x08003f55   Thumb Code    10  stm32f4xx_usart.o(.text)
    USART_SetAddress                         0x08003f5f   Thumb Code    18  stm32f4xx_usart.o(.text)
    USART_ReceiverWakeUpCmd                  0x08003f71   Thumb Code    24  stm32f4xx_usart.o(.text)
    USART_WakeUpConfig                       0x08003f89   Thumb Code    18  stm32f4xx_usart.o(.text)
    USART_LINBreakDetectLengthConfig         0x08003f9b   Thumb Code    18  stm32f4xx_usart.o(.text)
    USART_LINCmd                             0x08003fad   Thumb Code    24  stm32f4xx_usart.o(.text)
    USART_SendBreak                          0x08003fc5   Thumb Code    10  stm32f4xx_usart.o(.text)
    USART_HalfDuplexCmd                      0x08003fcf   Thumb Code    24  stm32f4xx_usart.o(.text)
    USART_SetGuardTime                       0x08003fe7   Thumb Code    16  stm32f4xx_usart.o(.text)
    USART_SmartCardCmd                       0x08003ff7   Thumb Code    24  stm32f4xx_usart.o(.text)
    USART_SmartCardNACKCmd                   0x0800400f   Thumb Code    24  stm32f4xx_usart.o(.text)
    USART_IrDAConfig                         0x08004027   Thumb Code    18  stm32f4xx_usart.o(.text)
    USART_IrDACmd                            0x08004039   Thumb Code    24  stm32f4xx_usart.o(.text)
    USART_DMACmd                             0x08004051   Thumb Code    18  stm32f4xx_usart.o(.text)
    USART_ITConfig                           0x08004063   Thumb Code    74  stm32f4xx_usart.o(.text)
    USART_GetFlagStatus                      0x080040ad   Thumb Code    26  stm32f4xx_usart.o(.text)
    USART_ClearFlag                          0x080040c7   Thumb Code    18  stm32f4xx_usart.o(.text)
    USART_GetITStatus                        0x080040d9   Thumb Code   118  stm32f4xx_usart.o(.text)
    USART_ClearITPendingBit                  0x0800414f   Thumb Code    30  stm32f4xx_usart.o(.text)
    CAN_DeInit                               0x0800416d   Thumb Code    50  stm32f4xx_can.o(.text)
    CAN_Init                                 0x0800419f   Thumb Code   276  stm32f4xx_can.o(.text)
    CAN_FilterInit                           0x080042b3   Thumb Code   258  stm32f4xx_can.o(.text)
    CAN_StructInit                           0x080043b5   Thumb Code    32  stm32f4xx_can.o(.text)
    CAN_SlaveStartBank                       0x080043d5   Thumb Code    48  stm32f4xx_can.o(.text)
    CAN_DBGFreeze                            0x08004405   Thumb Code    22  stm32f4xx_can.o(.text)
    CAN_TTComModeCmd                         0x0800441b   Thumb Code   118  stm32f4xx_can.o(.text)
    CAN_Transmit                             0x08004491   Thumb Code   304  stm32f4xx_can.o(.text)
    CAN_TransmitStatus                       0x080045c1   Thumb Code   138  stm32f4xx_can.o(.text)
    CAN_CancelTransmit                       0x0800464b   Thumb Code    48  stm32f4xx_can.o(.text)
    CAN_Receive                              0x0800467b   Thumb Code   240  stm32f4xx_can.o(.text)
    CAN_FIFORelease                          0x0800476b   Thumb Code    22  stm32f4xx_can.o(.text)
    CAN_MessagePending                       0x08004781   Thumb Code    30  stm32f4xx_can.o(.text)
    CAN_OperatingModeRequest                 0x0800479f   Thumb Code   162  stm32f4xx_can.o(.text)
    CAN_Sleep                                0x08004841   Thumb Code    30  stm32f4xx_can.o(.text)
    CAN_WakeUp                               0x0800485f   Thumb Code    48  stm32f4xx_can.o(.text)
    CAN_GetLastErrorCode                     0x0800488f   Thumb Code    12  stm32f4xx_can.o(.text)
    CAN_GetReceiveErrorCounter               0x0800489b   Thumb Code    10  stm32f4xx_can.o(.text)
    CAN_GetLSBTransmitErrorCounter           0x080048a5   Thumb Code    12  stm32f4xx_can.o(.text)
    CAN_ITConfig                             0x080048b1   Thumb Code    18  stm32f4xx_can.o(.text)
    CAN_GetFlagStatus                        0x080048c3   Thumb Code   120  stm32f4xx_can.o(.text)
    CAN_ClearFlag                            0x0800493b   Thumb Code    52  stm32f4xx_can.o(.text)
    CAN_GetITStatus                          0x08004981   Thumb Code   310  stm32f4xx_can.o(.text)
    CAN_ClearITPendingBit                    0x08004ab7   Thumb Code   162  stm32f4xx_can.o(.text)
    DMA_DeInit                               0x08004b5d   Thumb Code   324  stm32f4xx_dma.o(.text)
    DMA_Init                                 0x08004ca1   Thumb Code    82  stm32f4xx_dma.o(.text)
    DMA_StructInit                           0x08004cf3   Thumb Code    34  stm32f4xx_dma.o(.text)
    DMA_Cmd                                  0x08004d15   Thumb Code    22  stm32f4xx_dma.o(.text)
    DMA_PeriphIncOffsetSizeConfig            0x08004d2b   Thumb Code    22  stm32f4xx_dma.o(.text)
    DMA_FlowControllerConfig                 0x08004d41   Thumb Code    22  stm32f4xx_dma.o(.text)
    DMA_SetCurrDataCounter                   0x08004d57   Thumb Code     4  stm32f4xx_dma.o(.text)
    DMA_GetCurrDataCounter                   0x08004d5b   Thumb Code     8  stm32f4xx_dma.o(.text)
    DMA_DoubleBufferModeConfig               0x08004d63   Thumb Code    24  stm32f4xx_dma.o(.text)
    DMA_DoubleBufferModeCmd                  0x08004d7b   Thumb Code    22  stm32f4xx_dma.o(.text)
    DMA_MemoryTargetConfig                   0x08004d91   Thumb Code    10  stm32f4xx_dma.o(.text)
    DMA_GetCurrentMemoryTarget               0x08004d9b   Thumb Code    20  stm32f4xx_dma.o(.text)
    DMA_GetCmdStatus                         0x08004daf   Thumb Code    20  stm32f4xx_dma.o(.text)
    DMA_GetFIFOStatus                        0x08004dc3   Thumb Code    12  stm32f4xx_dma.o(.text)
    DMA_GetFlagStatus                        0x08004dcf   Thumb Code    56  stm32f4xx_dma.o(.text)
    DMA_ClearFlag                            0x08004e07   Thumb Code    40  stm32f4xx_dma.o(.text)
    DMA_ITConfig                             0x08004e2f   Thumb Code    58  stm32f4xx_dma.o(.text)
    DMA_GetITStatus                          0x08004e69   Thumb Code    84  stm32f4xx_dma.o(.text)
    DMA_ClearITPendingBit                    0x08004ebd   Thumb Code    40  stm32f4xx_dma.o(.text)
    TIM_DeInit                               0x08004f05   Thumb Code   346  stm32f4xx_tim.o(.text)
    TIM_TimeBaseInit                         0x0800505f   Thumb Code   104  stm32f4xx_tim.o(.text)
    TIM_TimeBaseStructInit                   0x080050c7   Thumb Code    18  stm32f4xx_tim.o(.text)
    TIM_PrescalerConfig                      0x080050d9   Thumb Code     6  stm32f4xx_tim.o(.text)
    TIM_CounterModeConfig                    0x080050df   Thumb Code    18  stm32f4xx_tim.o(.text)
    TIM_SetCounter                           0x080050f1   Thumb Code     4  stm32f4xx_tim.o(.text)
    TIM_SetAutoreload                        0x080050f5   Thumb Code     4  stm32f4xx_tim.o(.text)
    TIM_GetCounter                           0x080050f9   Thumb Code     6  stm32f4xx_tim.o(.text)
    TIM_GetPrescaler                         0x080050ff   Thumb Code     6  stm32f4xx_tim.o(.text)
    TIM_UpdateDisableConfig                  0x08005105   Thumb Code    24  stm32f4xx_tim.o(.text)
    TIM_UpdateRequestConfig                  0x0800511d   Thumb Code    24  stm32f4xx_tim.o(.text)
    TIM_ARRPreloadConfig                     0x08005135   Thumb Code    24  stm32f4xx_tim.o(.text)
    TIM_SelectOnePulseMode                   0x0800514d   Thumb Code    18  stm32f4xx_tim.o(.text)
    TIM_SetClockDivision                     0x0800515f   Thumb Code    18  stm32f4xx_tim.o(.text)
    TIM_Cmd                                  0x08005171   Thumb Code    24  stm32f4xx_tim.o(.text)
    TIM_OC1Init                              0x08005189   Thumb Code   114  stm32f4xx_tim.o(.text)
    TIM_OC2Init                              0x080051fb   Thumb Code   154  stm32f4xx_tim.o(.text)
    TIM_OC3Init                              0x08005295   Thumb Code   204  stm32f4xx_tim.o(.text)
    TIM_OC4Init                              0x08005361   Thumb Code   112  stm32f4xx_tim.o(.text)
    TIM_OCStructInit                         0x080053d1   Thumb Code    20  stm32f4xx_tim.o(.text)
    TIM_SelectOCxM                           0x080053e5   Thumb Code    86  stm32f4xx_tim.o(.text)
    TIM_SetCompare1                          0x0800543b   Thumb Code     4  stm32f4xx_tim.o(.text)
    TIM_SetCompare2                          0x0800543f   Thumb Code     4  stm32f4xx_tim.o(.text)
    TIM_SetCompare3                          0x08005443   Thumb Code     4  stm32f4xx_tim.o(.text)
    TIM_SetCompare4                          0x08005447   Thumb Code     4  stm32f4xx_tim.o(.text)
    TIM_ForcedOC1Config                      0x0800544b   Thumb Code    18  stm32f4xx_tim.o(.text)
    TIM_ForcedOC2Config                      0x0800545d   Thumb Code    26  stm32f4xx_tim.o(.text)
    TIM_ForcedOC3Config                      0x08005477   Thumb Code    18  stm32f4xx_tim.o(.text)
    TIM_ForcedOC4Config                      0x08005489   Thumb Code    26  stm32f4xx_tim.o(.text)
    TIM_OC1PreloadConfig                     0x080054a3   Thumb Code    18  stm32f4xx_tim.o(.text)
    TIM_OC2PreloadConfig                     0x080054b5   Thumb Code    26  stm32f4xx_tim.o(.text)
    TIM_OC3PreloadConfig                     0x080054cf   Thumb Code    18  stm32f4xx_tim.o(.text)
    TIM_OC4PreloadConfig                     0x080054e1   Thumb Code    26  stm32f4xx_tim.o(.text)
    TIM_OC1FastConfig                        0x080054fb   Thumb Code    18  stm32f4xx_tim.o(.text)
    TIM_OC2FastConfig                        0x0800550d   Thumb Code    26  stm32f4xx_tim.o(.text)
    TIM_OC3FastConfig                        0x08005527   Thumb Code    18  stm32f4xx_tim.o(.text)
    TIM_OC4FastConfig                        0x08005539   Thumb Code    26  stm32f4xx_tim.o(.text)
    TIM_ClearOC1Ref                          0x08005553   Thumb Code    18  stm32f4xx_tim.o(.text)
    TIM_ClearOC2Ref                          0x08005565   Thumb Code    24  stm32f4xx_tim.o(.text)
    TIM_ClearOC3Ref                          0x0800557d   Thumb Code    18  stm32f4xx_tim.o(.text)
    TIM_ClearOC4Ref                          0x0800558f   Thumb Code    24  stm32f4xx_tim.o(.text)
    TIM_OC1PolarityConfig                    0x080055a7   Thumb Code    18  stm32f4xx_tim.o(.text)
    TIM_OC1NPolarityConfig                   0x080055b9   Thumb Code    18  stm32f4xx_tim.o(.text)
    TIM_OC2PolarityConfig                    0x080055cb   Thumb Code    26  stm32f4xx_tim.o(.text)
    TIM_OC2NPolarityConfig                   0x080055e5   Thumb Code    26  stm32f4xx_tim.o(.text)
    TIM_OC3PolarityConfig                    0x080055ff   Thumb Code    26  stm32f4xx_tim.o(.text)
    TIM_OC3NPolarityConfig                   0x08005619   Thumb Code    26  stm32f4xx_tim.o(.text)
    TIM_OC4PolarityConfig                    0x08005633   Thumb Code    26  stm32f4xx_tim.o(.text)
    TIM_CCxCmd                               0x0800564d   Thumb Code    30  stm32f4xx_tim.o(.text)
    TIM_CCxNCmd                              0x0800566b   Thumb Code    30  stm32f4xx_tim.o(.text)
    TIM_SetIC4Prescaler                      0x08005689   Thumb Code    26  stm32f4xx_tim.o(.text)
    TIM_SetIC3Prescaler                      0x080056f3   Thumb Code    18  stm32f4xx_tim.o(.text)
    TIM_SetIC2Prescaler                      0x0800574d   Thumb Code    26  stm32f4xx_tim.o(.text)
    TIM_SetIC1Prescaler                      0x080057c1   Thumb Code    18  stm32f4xx_tim.o(.text)
    TIM_ICInit                               0x0800580d   Thumb Code   110  stm32f4xx_tim.o(.text)
    TIM_ICStructInit                         0x0800587b   Thumb Code    18  stm32f4xx_tim.o(.text)
    TIM_PWMIConfig                           0x0800588d   Thumb Code   124  stm32f4xx_tim.o(.text)
    TIM_GetCapture1                          0x08005909   Thumb Code     6  stm32f4xx_tim.o(.text)
    TIM_GetCapture2                          0x0800590f   Thumb Code     6  stm32f4xx_tim.o(.text)
    TIM_GetCapture3                          0x08005915   Thumb Code     6  stm32f4xx_tim.o(.text)
    TIM_GetCapture4                          0x0800591b   Thumb Code     6  stm32f4xx_tim.o(.text)
    TIM_BDTRConfig                           0x08005921   Thumb Code    32  stm32f4xx_tim.o(.text)
    TIM_BDTRStructInit                       0x08005941   Thumb Code    18  stm32f4xx_tim.o(.text)
    TIM_CtrlPWMOutputs                       0x08005953   Thumb Code    30  stm32f4xx_tim.o(.text)
    TIM_SelectCOM                            0x08005971   Thumb Code    24  stm32f4xx_tim.o(.text)
    TIM_CCPreloadControl                     0x08005989   Thumb Code    24  stm32f4xx_tim.o(.text)
    TIM_ITConfig                             0x080059a1   Thumb Code    18  stm32f4xx_tim.o(.text)
    TIM_GenerateEvent                        0x080059b3   Thumb Code     4  stm32f4xx_tim.o(.text)
    TIM_GetFlagStatus                        0x080059b7   Thumb Code    18  stm32f4xx_tim.o(.text)
    TIM_ClearFlag                            0x080059c9   Thumb Code     6  stm32f4xx_tim.o(.text)
    TIM_GetITStatus                          0x080059cf   Thumb Code    34  stm32f4xx_tim.o(.text)
    TIM_ClearITPendingBit                    0x080059f1   Thumb Code     6  stm32f4xx_tim.o(.text)
    TIM_DMAConfig                            0x080059f7   Thumb Code    10  stm32f4xx_tim.o(.text)
    TIM_DMACmd                               0x08005a01   Thumb Code    18  stm32f4xx_tim.o(.text)
    TIM_SelectCCDMA                          0x08005a13   Thumb Code    24  stm32f4xx_tim.o(.text)
    TIM_InternalClockConfig                  0x08005a2b   Thumb Code    12  stm32f4xx_tim.o(.text)
    TIM_SelectInputTrigger                   0x08005a37   Thumb Code    18  stm32f4xx_tim.o(.text)
    TIM_ITRxExternalClockConfig              0x08005a49   Thumb Code    24  stm32f4xx_tim.o(.text)
    TIM_TIxExternalClockConfig               0x08005a61   Thumb Code    62  stm32f4xx_tim.o(.text)
    TIM_ETRConfig                            0x08005a9f   Thumb Code    28  stm32f4xx_tim.o(.text)
    TIM_ETRClockMode1Config                  0x08005abb   Thumb Code    54  stm32f4xx_tim.o(.text)
    TIM_ETRClockMode2Config                  0x08005af1   Thumb Code    32  stm32f4xx_tim.o(.text)
    TIM_SelectOutputTrigger                  0x08005b11   Thumb Code    18  stm32f4xx_tim.o(.text)
    TIM_SelectSlaveMode                      0x08005b23   Thumb Code    18  stm32f4xx_tim.o(.text)
    TIM_SelectMasterSlaveMode                0x08005b35   Thumb Code    18  stm32f4xx_tim.o(.text)
    TIM_EncoderInterfaceConfig               0x08005b47   Thumb Code    66  stm32f4xx_tim.o(.text)
    TIM_SelectHallSensor                     0x08005b89   Thumb Code    24  stm32f4xx_tim.o(.text)
    TIM_RemapConfig                          0x08005ba1   Thumb Code     6  stm32f4xx_tim.o(.text)
    delay_osschedlock                        0x08005ba9   Thumb Code    10  delay.o(.text)
    delay_osschedunlock                      0x08005bb3   Thumb Code    10  delay.o(.text)
    delay_ostimedly                          0x08005bbd   Thumb Code    16  delay.o(.text)
    SysTick_Handler                          0x08005bcd   Thumb Code    24  delay.o(.text)
    delay_init                               0x08005be5   Thumb Code    94  delay.o(.text)
    delay_us                                 0x08005c43   Thumb Code    84  delay.o(.text)
    delay_ms                                 0x08005c97   Thumb Code    66  delay.o(.text)
    _sys_exit                                0x08005cf1   Thumb Code     4  rc_uart_dma.o(.text)
    fputc                                    0x08005cf5   Thumb Code    22  rc_uart_dma.o(.text)
    Uart_Init                                0x08005d0b   Thumb Code   544  rc_uart_dma.o(.text)
    USART6_IRQHandler                        0x08005f2b   Thumb Code    36  rc_uart_dma.o(.text)
    UART_Send                                0x08005f4f   Thumb Code    78  rc_uart_dma.o(.text)
    Uart_DMARev_Init                         0x08005f9d   Thumb Code   264  rc_uart_dma.o(.text)
    Uart_DMASend_Init                        0x080060a5   Thumb Code   350  rc_uart_dma.o(.text)
    DMA2_Stream6_IRQHandler                  0x08006203   Thumb Code    36  rc_uart_dma.o(.text)
    Uart_DMA_Send                            0x08006227   Thumb Code   144  rc_uart_dma.o(.text)
    BSP_CPU_ClkFreq                          0x080062cd   Thumb Code    14  bsp.o(.text)
    CPU_TS_TmrInit                           0x080062db   Thumb Code    44  bsp.o(.text)
    CPU_TS_TmrRd                             0x08006307   Thumb Code     6  bsp.o(.text)
    CPU_TS32_to_uSec                         0x0800630d   Thumb Code    54  bsp.o(.text)
    CPU_NameClr                              0x08006351   Thumb Code    42  cpu_core.o(.text)
    CPU_Init                                 0x08006391   Thumb Code    12  cpu_core.o(.text)
    CPU_SW_Exception                         0x0800639d   Thumb Code     4  cpu_core.o(.text)
    CPU_NameGet                              0x080063a1   Thumb Code    70  cpu_core.o(.text)
    CPU_NameSet                              0x080063e7   Thumb Code    96  cpu_core.o(.text)
    CPU_TS_Get32                             0x08006447   Thumb Code    12  cpu_core.o(.text)
    CPU_TS_Update                            0x08006453   Thumb Code     2  cpu_core.o(.text)
    CPU_TS_TmrFreqGet                        0x08006455   Thumb Code    30  cpu_core.o(.text)
    CPU_TS_TmrFreqSet                        0x08006473   Thumb Code     6  cpu_core.o(.text)
    CPU_CntLeadZeros08                       0x08006479   Thumb Code    18  cpu_core.o(.text)
    CPU_CntLeadZeros16                       0x0800648b   Thumb Code    18  cpu_core.o(.text)
    CPU_CntLeadZeros32                       0x0800649d   Thumb Code    18  cpu_core.o(.text)
    CPU_CntLeadZeros64                       0x080064af   Thumb Code   188  cpu_core.o(.text)
    CPU_CntTrailZeros08                      0x0800656b   Thumb Code    22  cpu_core.o(.text)
    CPU_CntTrailZeros16                      0x08006581   Thumb Code    22  cpu_core.o(.text)
    CPU_CntTrailZeros32                      0x08006597   Thumb Code    22  cpu_core.o(.text)
    CPU_CntTrailZeros64                      0x080065ad   Thumb Code    62  cpu_core.o(.text)
    CPU_IntDis                               0x080065f9   Thumb Code     0  cpu_a.o(.text)
    CPU_IntEn                                0x080065fd   Thumb Code     0  cpu_a.o(.text)
    CPU_SR_Save                              0x08006601   Thumb Code     0  cpu_a.o(.text)
    CPU_SR_Restore                           0x08006609   Thumb Code     0  cpu_a.o(.text)
    CPU_WaitForInt                           0x0800660f   Thumb Code     0  cpu_a.o(.text)
    CPU_WaitForExcept                        0x08006613   Thumb Code     0  cpu_a.o(.text)
    CPU_CntLeadZeros                         0x08006617   Thumb Code     0  cpu_a.o(.text)
    CPU_CntTrailZeros                        0x0800661d   Thumb Code     0  cpu_a.o(.text)
    CPU_RevBits                              0x08006627   Thumb Code     0  cpu_a.o(.text)
    ASCII_IsAlpha                            0x0800662d   Thumb Code    48  lib_ascii.o(.text)
    ASCII_IsAlphaNum                         0x0800665d   Thumb Code    76  lib_ascii.o(.text)
    ASCII_IsLower                            0x080066a9   Thumb Code    20  lib_ascii.o(.text)
    ASCII_IsUpper                            0x080066bd   Thumb Code    20  lib_ascii.o(.text)
    ASCII_IsDig                              0x080066d1   Thumb Code    20  lib_ascii.o(.text)
    ASCII_IsDigOct                           0x080066e5   Thumb Code    20  lib_ascii.o(.text)
    ASCII_IsDigHex                           0x080066f9   Thumb Code    36  lib_ascii.o(.text)
    ASCII_IsBlank                            0x0800671d   Thumb Code    20  lib_ascii.o(.text)
    ASCII_IsSpace                            0x08006731   Thumb Code    36  lib_ascii.o(.text)
    ASCII_IsPrint                            0x08006755   Thumb Code    20  lib_ascii.o(.text)
    ASCII_IsGraph                            0x08006769   Thumb Code    20  lib_ascii.o(.text)
    ASCII_IsPunct                            0x0800677d   Thumb Code   134  lib_ascii.o(.text)
    ASCII_IsCtrl                             0x08006803   Thumb Code    26  lib_ascii.o(.text)
    ASCII_ToLower                            0x0800681d   Thumb Code    32  lib_ascii.o(.text)
    ASCII_ToUpper                            0x0800683d   Thumb Code    32  lib_ascii.o(.text)
    ASCII_Cmp                                0x0800685d   Thumb Code    38  lib_ascii.o(.text)
    Mem_Init                                 0x08006885   Thumb Code    54  lib_mem.o(.text)
    Mem_Set                                  0x080068bb   Thumb Code    84  lib_mem.o(.text)
    Mem_Clr                                  0x0800690f   Thumb Code    18  lib_mem.o(.text)
    Mem_Move                                 0x08006921   Thumb Code   186  lib_mem.o(.text)
    Mem_Cmp                                  0x080069db   Thumb Code   192  lib_mem.o(.text)
    Mem_HeapAlloc                            0x08006b13   Thumb Code   168  lib_mem.o(.text)
    Mem_SegGetSizeRem                        0x08006bbb   Thumb Code   108  lib_mem.o(.text)
    Mem_HeapGetSizeRem                       0x08006c27   Thumb Code    22  lib_mem.o(.text)
    Mem_PoolClr                              0x08006c3d   Thumb Code    80  lib_mem.o(.text)
    Mem_PoolCreate                           0x08006c8d   Thumb Code   838  lib_mem.o(.text)
    Mem_PoolBlkGetNbrAvail                   0x08006fd3   Thumb Code    52  lib_mem.o(.text)
    Mem_PoolBlkGet                           0x08007007   Thumb Code   126  lib_mem.o(.text)
    Mem_PoolBlkGetUsedAtIx                   0x08007085   Thumb Code   140  lib_mem.o(.text)
    Mem_PoolBlkFree                          0x08007111   Thumb Code   152  lib_mem.o(.text)
    Mem_PoolBlkIxGet                         0x080071a9   Thumb Code   162  lib_mem.o(.text)
    Str_Len_N                                0x0800724d   Thumb Code    28  lib_str.o(.text)
    Str_Len                                  0x08007269   Thumb Code    20  lib_str.o(.text)
    Str_Copy_N                               0x0800727d   Thumb Code    70  lib_str.o(.text)
    Str_Copy                                 0x080072c3   Thumb Code    24  lib_str.o(.text)
    Str_Cat_N                                0x080072db   Thumb Code    90  lib_str.o(.text)
    Str_Cat                                  0x08007335   Thumb Code    24  lib_str.o(.text)
    Str_Cmp_N                                0x0800734d   Thumb Code   156  lib_str.o(.text)
    Str_Cmp                                  0x080073e9   Thumb Code    24  lib_str.o(.text)
    Str_CmpIgnoreCase_N                      0x08007401   Thumb Code   264  lib_str.o(.text)
    Str_CmpIgnoreCase                        0x08007509   Thumb Code    24  lib_str.o(.text)
    Str_Char_N                               0x08007521   Thumb Code    74  lib_str.o(.text)
    Str_Char                                 0x0800756b   Thumb Code    24  lib_str.o(.text)
    Str_Char_Last_N                          0x08007583   Thumb Code    76  lib_str.o(.text)
    Str_Char_Last                            0x080075cf   Thumb Code    24  lib_str.o(.text)
    Str_Char_Replace_N                       0x080075e7   Thumb Code    52  lib_str.o(.text)
    Str_Char_Replace                         0x0800761b   Thumb Code    28  lib_str.o(.text)
    Str_Str_N                                0x08007637   Thumb Code   182  lib_str.o(.text)
    Str_Str                                  0x080076ed   Thumb Code    24  lib_str.o(.text)
    Str_FmtNbr_Int32U                        0x080078e1   Thumb Code    46  lib_str.o(.text)
    Str_FmtNbr_Int32S                        0x0800790f   Thumb Code    62  lib_str.o(.text)
    Str_ParseNbr_Int32U                      0x08007b0b   Thumb Code    30  lib_str.o(.text)
    Str_ParseNbr_Int32S                      0x08007b29   Thumb Code    74  lib_str.o(.text)
    Mem_Copy                                 0x08007b79   Thumb Code     0  lib_mem_a.o(.text)
    OSCfg_Init                               0x08007d99   Thumb Code    86  os_cfg_app.o(.text)
    OS_IdleTask                              0x08007e95   Thumb Code    60  os_core.o(.text)
    OS_IdleTaskInit                          0x08007ed1   Thumb Code    68  os_core.o(.text)
    OS_RdyListInit                           0x08007f15   Thumb Code    32  os_core.o(.text)
    OSInit                                   0x08007f35   Thumb Code   300  os_core.o(.text)
    OSIntEnter                               0x08008061   Thumb Code    34  os_core.o(.text)
    OSIntExit                                0x08008083   Thumb Code   188  os_core.o(.text)
    OSSched                                  0x0800813f   Thumb Code   130  os_core.o(.text)
    OS_SchedLockTimeMeasStart                0x080081c1   Thumb Code    20  os_core.o(.text)
    OSSchedLock                              0x080081d5   Thumb Code   104  os_core.o(.text)
    OS_SchedLockTimeMeasStop                 0x0800823d   Thumb Code    44  os_core.o(.text)
    OSSchedUnlock                            0x08008269   Thumb Code   286  os_core.o(.text)
    OSSchedRoundRobinCfg                     0x08008387   Thumb Code    88  os_core.o(.text)
    OS_RdyListMoveHeadToTail                 0x080083df   Thumb Code    68  os_core.o(.text)
    OSSchedRoundRobinYield                   0x08008423   Thumb Code   164  os_core.o(.text)
    OSStart                                  0x080084c7   Thumb Code    78  os_core.o(.text)
    OSVersion                                0x08008515   Thumb Code    12  os_core.o(.text)
    OS_PendDbgNameAdd                        0x08008521   Thumb Code    66  os_core.o(.text)
    OS_PendListInsertPrio                    0x08008563   Thumb Code   102  os_core.o(.text)
    OS_PendDataInit                          0x080085c9   Thumb Code    38  os_core.o(.text)
    OS_RdyListRemove                         0x080085ef   Thumb Code    86  os_core.o(.text)
    OS_TaskBlock                             0x08008645   Thumb Code    56  os_core.o(.text)
    OS_Pend                                  0x0800867d   Thumb Code    98  os_core.o(.text)
    OS_PendListRemove1                       0x080086df   Thumb Code   136  os_core.o(.text)
    OS_PendListRemove                        0x08008767   Thumb Code    48  os_core.o(.text)
    OS_PendAbort1                            0x08008797   Thumb Code    36  os_core.o(.text)
    OS_RdyListInsertHead                     0x080087bb   Thumb Code    58  os_core.o(.text)
    OS_RdyListInsertTail                     0x080087f5   Thumb Code    56  os_core.o(.text)
    OS_RdyListInsert                         0x0800882d   Thumb Code    40  os_core.o(.text)
    OS_TaskRdy                               0x08008855   Thumb Code    28  os_core.o(.text)
    OS_PendAbort                             0x08008871   Thumb Code   166  os_core.o(.text)
    OS_PendDbgNameRemove                     0x08008917   Thumb Code    34  os_core.o(.text)
    OS_PendListChangePrio                    0x08008939   Thumb Code    70  os_core.o(.text)
    OS_PendListInit                          0x0800897f   Thumb Code    10  os_core.o(.text)
    OS_PendListInsertHead                    0x08008989   Thumb Code    32  os_core.o(.text)
    OS_PendObjDel1                           0x080089a9   Thumb Code    36  os_core.o(.text)
    OS_PendObjDel                            0x080089cd   Thumb Code   162  os_core.o(.text)
    OS_Post1                                 0x08008a6f   Thumb Code    42  os_core.o(.text)
    OS_Post                                  0x08008a99   Thumb Code   192  os_core.o(.text)
    OS_Sched0                                0x08008b59   Thumb Code    68  os_core.o(.text)
    OS_SchedRoundRobin                       0x08008b9d   Thumb Code   218  os_core.o(.text)
    OS_Dbg_Init                              0x08008c85   Thumb Code   146  os_dbg.o(.text)
    OS_FlagDbgListAdd                        0x08008e35   Thumb Code    38  os_flag.o(.text)
    OSFlagCreate                             0x08008e5b   Thumb Code   172  os_flag.o(.text)
    OS_FlagClr                               0x08008f07   Thumb Code    28  os_flag.o(.text)
    OS_FlagDbgListRemove                     0x08008f23   Thumb Code    44  os_flag.o(.text)
    OSFlagDel                                0x08008f4f   Thumb Code   594  os_flag.o(.text)
    OS_FlagBlock                             0x080091a1   Thumb Code    58  os_flag.o(.text)
    OSFlagPend                               0x080091db   Thumb Code  1488  os_flag.o(.text)
    OSFlagPendAbort                          0x080097ab   Thumb Code   292  os_flag.o(.text)
    OSFlagPendGetFlagsRdy                    0x080098cf   Thumb Code    68  os_flag.o(.text)
    OS_FlagTaskRdy                           0x08009913   Thumb Code    86  os_flag.o(.text)
    OS_FlagPost                              0x08009969   Thumb Code   570  os_flag.o(.text)
    OSFlagPost                               0x08009ba3   Thumb Code   146  os_flag.o(.text)
    OS_FlagInit                              0x08009c35   Thumb Code    14  os_flag.o(.text)
    OS_IntQPost                              0x08009c5d   Thumb Code   216  os_int.o(.text)
    OS_IntQRePost                            0x08009d35   Thumb Code   360  os_int.o(.text)
    OS_IntQTask                              0x08009e9d   Thumb Code   162  os_int.o(.text)
    OS_IntQTaskInit                          0x08009f3f   Thumb Code   208  os_int.o(.text)
    OS_MemDbgListAdd                         0x0800a0a1   Thumb Code    34  os_mem.o(.text)
    OSMemCreate                              0x0800a0c3   Thumb Code   288  os_mem.o(.text)
    OSMemGet                                 0x0800a1e3   Thumb Code   100  os_mem.o(.text)
    OSMemPut                                 0x0800a247   Thumb Code   112  os_mem.o(.text)
    OS_MemInit                               0x0800a2b7   Thumb Code    14  os_mem.o(.text)
    OS_MsgPoolCreate                         0x0800a2d9   Thumb Code    54  os_msg.o(.text)
    OS_MsgPoolInit                           0x0800a30f   Thumb Code    70  os_msg.o(.text)
    OS_MsgQFreeAll                           0x0800a355   Thumb Code    62  os_msg.o(.text)
    OS_MsgQInit                              0x0800a393   Thumb Code    14  os_msg.o(.text)
    OS_MsgQGet                               0x0800a3a1   Thumb Code    98  os_msg.o(.text)
    OS_MsgQPut                               0x0800a403   Thumb Code   246  os_msg.o(.text)
    OS_MutexDbgListAdd                       0x0800a505   Thumb Code    38  os_mutex.o(.text)
    OSMutexCreate                            0x0800a52b   Thumb Code   178  os_mutex.o(.text)
    OS_MutexClr                              0x0800a5dd   Thumb Code    38  os_mutex.o(.text)
    OS_MutexDbgListRemove                    0x0800a603   Thumb Code    44  os_mutex.o(.text)
    OSMutexDel                               0x0800a62f   Thumb Code   842  os_mutex.o(.text)
    OSMutexPend                              0x0800a979   Thumb Code   706  os_mutex.o(.text)
    OSMutexPendAbort                         0x0800ac3b   Thumb Code   314  os_mutex.o(.text)
    OSMutexPost                              0x0800ad75   Thumb Code   564  os_mutex.o(.text)
    OS_MutexInit                             0x0800afa9   Thumb Code    14  os_mutex.o(.text)
    OS_PrioInit                              0x0800afd9   Thumb Code    20  os_prio.o(.text)
    OS_PrioGetHighest                        0x0800afed   Thumb Code    36  os_prio.o(.text)
    OS_PrioInsert                            0x0800b011   Thumb Code    32  os_prio.o(.text)
    OS_PrioRemove                            0x0800b031   Thumb Code    32  os_prio.o(.text)
    OS_QDbgListAdd                           0x0800b055   Thumb Code    38  os_q.o(.text)
    OSQCreate                                0x0800b07b   Thumb Code   186  os_q.o(.text)
    OS_QClr                                  0x0800b135   Thumb Code    40  os_q.o(.text)
    OS_QDbgListRemove                        0x0800b15d   Thumb Code    44  os_q.o(.text)
    OSQDel                                   0x0800b189   Thumb Code   362  os_q.o(.text)
    OSQFlush                                 0x0800b2f3   Thumb Code   210  os_q.o(.text)
    OSQPend                                  0x0800b3c5   Thumb Code   538  os_q.o(.text)
    OSQPendAbort                             0x0800b5df   Thumb Code   292  os_q.o(.text)
    OS_QPost                                 0x0800b703   Thumb Code   324  os_q.o(.text)
    OSQPost                                  0x0800b847   Thumb Code   198  os_q.o(.text)
    OS_QInit                                 0x0800b90d   Thumb Code    14  os_q.o(.text)
    OS_SemDbgListAdd                         0x0800b92d   Thumb Code    38  os_sem.o(.text)
    OSSemCreate                              0x0800b953   Thumb Code   172  os_sem.o(.text)
    OS_SemClr                                0x0800b9ff   Thumb Code    28  os_sem.o(.text)
    OS_SemDbgListRemove                      0x0800ba1b   Thumb Code    44  os_sem.o(.text)
    OSSemDel                                 0x0800ba47   Thumb Code   362  os_sem.o(.text)
    OSSemPend                                0x0800bbb1   Thumb Code   504  os_sem.o(.text)
    OSSemPendAbort                           0x0800bda9   Thumb Code   292  os_sem.o(.text)
    OS_SemPost                               0x0800becd   Thumb Code   350  os_sem.o(.text)
    OSSemPost                                0x0800c02b   Thumb Code   144  os_sem.o(.text)
    OSSemSet                                 0x0800c0bb   Thumb Code   138  os_sem.o(.text)
    OS_SemInit                               0x0800c145   Thumb Code    14  os_sem.o(.text)
    OSStatReset                              0x0800c15d   Thumb Code   270  os_stat.o(.text)
    OSStatTaskCPUUsageInit                   0x0800c26b   Thumb Code   212  os_stat.o(.text)
    OS_StatTask                              0x0800c33f   Thumb Code   888  os_stat.o(.text)
    OS_StatTaskInit                          0x0800c6b7   Thumb Code   138  os_stat.o(.text)
    OSTaskChangePrio                         0x0800c795   Thumb Code   416  os_task.o(.text)
    OS_TaskDbgListAdd                        0x0800c935   Thumb Code    42  os_task.o(.text)
    OS_TaskInitTCB                           0x0800c95f   Thumb Code   186  os_task.o(.text)
    OSTaskCreate                             0x0800ca19   Thumb Code   616  os_task.o(.text)
    OS_TaskDbgListRemove                     0x0800cc81   Thumb Code    64  os_task.o(.text)
    OSTaskDel                                0x0800ccc1   Thumb Code   424  os_task.o(.text)
    OSTaskQFlush                             0x0800ce69   Thumb Code   214  os_task.o(.text)
    OSTaskQPend                              0x0800cf3f   Thumb Code   554  os_task.o(.text)
    OSTaskQPendAbort                         0x0800d169   Thumb Code   242  os_task.o(.text)
    OS_TaskQPost                             0x0800d25b   Thumb Code   526  os_task.o(.text)
    OSTaskQPost                              0x0800d469   Thumb Code   114  os_task.o(.text)
    OSTaskRegGet                             0x0800d4db   Thumb Code    78  os_task.o(.text)
    OSTaskRegGetID                           0x0800d529   Thumb Code    84  os_task.o(.text)
    OSTaskRegSet                             0x0800d57d   Thumb Code    78  os_task.o(.text)
    OS_TaskResume                            0x0800d5cb   Thumb Code   314  os_task.o(.text)
    OSTaskResume                             0x0800d705   Thumb Code   112  os_task.o(.text)
    OSTaskSemPend                            0x0800d775   Thumb Code   550  os_task.o(.text)
    OSTaskSemPendAbort                       0x0800d99b   Thumb Code   270  os_task.o(.text)
    OS_TaskSemPost                           0x0800daa9   Thumb Code  1224  os_task.o(.text)
    OSTaskSemPost                            0x0800df71   Thumb Code    98  os_task.o(.text)
    OSTaskSemSet                             0x0800dfd3   Thumb Code    80  os_task.o(.text)
    OSTaskStkChk                             0x0800e023   Thumb Code   224  os_task.o(.text)
    OS_TaskSuspend                           0x0800e103   Thumb Code   328  os_task.o(.text)
    OSTaskSuspend                            0x0800e24b   Thumb Code    78  os_task.o(.text)
    OSTaskTimeQuantaSet                      0x0800e299   Thumb Code    96  os_task.o(.text)
    OS_TaskInit                              0x0800e2f9   Thumb Code    18  os_task.o(.text)
    OS_TaskReturn                            0x0800e30b   Thumb Code    20  os_task.o(.text)
    OS_TickListRemove                        0x0800e349   Thumb Code    56  os_tick.o(.text)
    OS_TickListUpdate                        0x0800e381   Thumb Code   480  os_tick.o(.text)
    OS_TickTask                              0x0800e561   Thumb Code    38  os_tick.o(.text)
    OS_TickListInit                          0x0800e587   Thumb Code    32  os_tick.o(.text)
    OS_TickTaskInit                          0x0800e5a7   Thumb Code   130  os_tick.o(.text)
    OS_TickListInsert                        0x0800e629   Thumb Code   502  os_tick.o(.text)
    OS_TickListResetPeak                     0x0800e81f   Thumb Code    28  os_tick.o(.text)
    OSTimeDly                                0x0800e845   Thumb Code   266  os_time.o(.text)
    OSTimeDlyHMSM                            0x0800e94f   Thumb Code   480  os_time.o(.text)
    OSTimeDlyResume                          0x0800eb2f   Thumb Code   466  os_time.o(.text)
    OSTimeGet                                0x0800ed01   Thumb Code    46  os_time.o(.text)
    OSTimeSet                                0x0800ed2f   Thumb Code    46  os_time.o(.text)
    OSTimeTick                               0x0800ed5d   Thumb Code    54  os_time.o(.text)
    OS_TmrDbgListAdd                         0x0800eda9   Thumb Code    34  os_tmr.o(.text)
    OSTmrCreate                              0x0800edcb   Thumb Code   248  os_tmr.o(.text)
    OS_TmrClr                                0x0800eec3   Thumb Code    36  os_tmr.o(.text)
    OS_TmrUnlink                             0x0800eee7   Thumb Code    72  os_tmr.o(.text)
    OS_TmrDbgListRemove                      0x0800ef2f   Thumb Code    44  os_tmr.o(.text)
    OSTmrDel                                 0x0800ef5b   Thumb Code   176  os_tmr.o(.text)
    OSTmrRemainGet                           0x0800f00b   Thumb Code   184  os_tmr.o(.text)
    OS_TmrLink                               0x0800f0c3   Thumb Code   196  os_tmr.o(.text)
    OSTmrStart                               0x0800f187   Thumb Code   210  os_tmr.o(.text)
    OSTmrStateGet                            0x0800f259   Thumb Code   134  os_tmr.o(.text)
    OSTmrStop                                0x0800f2df   Thumb Code   232  os_tmr.o(.text)
    OS_TmrTask                               0x0800f3c7   Thumb Code   176  os_tmr.o(.text)
    OS_TmrInit                               0x0800f477   Thumb Code   208  os_tmr.o(.text)
    OS_TmrResetPeak                          0x0800f547   Thumb Code    28  os_tmr.o(.text)
    OSIdleTaskHook                           0x0800f5c1   Thumb Code    16  os_cpu_c.o(.text)
    OSInitHook                               0x0800f5d1   Thumb Code    28  os_cpu_c.o(.text)
    OSStatTaskHook                           0x0800f5ed   Thumb Code    16  os_cpu_c.o(.text)
    OSTaskCreateHook                         0x0800f5fd   Thumb Code    20  os_cpu_c.o(.text)
    OSTaskDelHook                            0x0800f611   Thumb Code    20  os_cpu_c.o(.text)
    OSTaskReturnHook                         0x0800f625   Thumb Code    20  os_cpu_c.o(.text)
    OSTaskStkInit                            0x0800f639   Thumb Code   600  os_cpu_c.o(.text)
    OSTaskSwHook                             0x0800f891   Thumb Code   120  os_cpu_c.o(.text)
    OSTimeTickHook                           0x0800f909   Thumb Code    16  os_cpu_c.o(.text)
    OS_CPU_SysTickHandler                    0x0800f919   Thumb Code    52  os_cpu_c.o(.text)
    OS_CPU_SysTickInit                       0x0800f94d   Thumb Code    44  os_cpu_c.o(.text)
    RobotStatus_Init                         0x0800f9b9   Thumb Code    62  exchange.o(.text)
    Robot_Init                               0x0800f9f7   Thumb Code   138  exchange.o(.text)
    SelfCheckDeal                            0x0800fa81   Thumb Code   140  exchange.o(.text)
    __use_no_semihosting                     0x0800fb25   Thumb Code     2  use_no_semi_2.o(.text)
    __aeabi_uldivmod                         0x0800fb27   Thumb Code     0  lludivv7m.o(.text)
    _ll_udiv                                 0x0800fb27   Thumb Code   238  lludivv7m.o(.text)
    __aeabi_memcpy                           0x0800fc15   Thumb Code     0  rt_memcpy_v6.o(.text)
    __rt_memcpy                              0x0800fc15   Thumb Code   138  rt_memcpy_v6.o(.text)
    _memcpy_lastbytes                        0x0800fc7b   Thumb Code     0  rt_memcpy_v6.o(.text)
    __aeabi_memclr4                          0x0800fc9f   Thumb Code     0  rt_memclr_w.o(.text)
    __aeabi_memclr8                          0x0800fc9f   Thumb Code     0  rt_memclr_w.o(.text)
    __rt_memclr_w                            0x0800fc9f   Thumb Code    78  rt_memclr_w.o(.text)
    _memset_w                                0x0800fca3   Thumb Code     0  rt_memclr_w.o(.text)
    __use_two_region_memory                  0x0800fced   Thumb Code     2  heapauxi.o(.text)
    __rt_heap_escrow$2region                 0x0800fcef   Thumb Code     2  heapauxi.o(.text)
    __rt_heap_expand$2region                 0x0800fcf1   Thumb Code     2  heapauxi.o(.text)
    __I$use$semihosting                      0x0800fcf3   Thumb Code     0  use_no_semi.o(.text)
    __use_no_semihosting_swi                 0x0800fcf3   Thumb Code     2  use_no_semi.o(.text)
    __aeabi_memcpy4                          0x0800fcf5   Thumb Code     0  rt_memcpy_w.o(.text)
    __aeabi_memcpy8                          0x0800fcf5   Thumb Code     0  rt_memcpy_w.o(.text)
    __rt_memcpy_w                            0x0800fcf5   Thumb Code   100  rt_memcpy_w.o(.text)
    _memcpy_lastbytes_aligned                0x0800fd3d   Thumb Code     0  rt_memcpy_w.o(.text)
    __user_setup_stackheap                   0x0800fd59   Thumb Code    74  sys_stackheap_outer.o(.text)
    exit                                     0x0800fda3   Thumb Code    18  exit.o(.text)
    __user_libspace                          0x0800fdb5   Thumb Code     8  libspace.o(.text)
    __user_perproc_libspace                  0x0800fdb5   Thumb Code     0  libspace.o(.text)
    __user_perthread_libspace                0x0800fdb5   Thumb Code     0  libspace.o(.text)
    OSStartHighRdy                           0x0800fdbd   Thumb Code     0  os_cpu_a.o(CODE)
    OSCtxSw                                  0x0800fddf   Thumb Code     0  os_cpu_a.o(CODE)
    OSIntCtxSw                               0x0800fde9   Thumb Code     0  os_cpu_a.o(CODE)
    PendSV_Handler                           0x0800fdf3   Thumb Code     0  os_cpu_a.o(CODE)
    _fp_init                                 0x0800fe69   Thumb Code    10  fpinit.o(x$fpl$fpinit)
    __fplib_config_fpu_vfp                   0x0800fe71   Thumb Code     0  fpinit.o(x$fpl$fpinit)
    __fplib_config_pureend_doubles           0x0800fe71   Thumb Code     0  fpinit.o(x$fpl$fpinit)
    CPU_EndiannessTest                       0x0800ff74   Data           4  cpu_core.o(.constdata)
    OSCfg_IdleTaskStkBasePtr                 0x0801000c   Data           4  os_cfg_app.o(.constdata)
    OSCfg_IdleTaskStkLimit                   0x08010010   Data           4  os_cfg_app.o(.constdata)
    OSCfg_IdleTaskStkSize                    0x08010014   Data           4  os_cfg_app.o(.constdata)
    OSCfg_IdleTaskStkSizeRAM                 0x08010018   Data           4  os_cfg_app.o(.constdata)
    OSCfg_IntQBasePtr                        0x0801001c   Data           4  os_cfg_app.o(.constdata)
    OSCfg_IntQSize                           0x08010020   Data           2  os_cfg_app.o(.constdata)
    OSCfg_IntQSizeRAM                        0x08010024   Data           4  os_cfg_app.o(.constdata)
    OSCfg_IntQTaskStkBasePtr                 0x08010028   Data           4  os_cfg_app.o(.constdata)
    OSCfg_IntQTaskStkLimit                   0x0801002c   Data           4  os_cfg_app.o(.constdata)
    OSCfg_IntQTaskStkSize                    0x08010030   Data           4  os_cfg_app.o(.constdata)
    OSCfg_IntQTaskStkSizeRAM                 0x08010034   Data           4  os_cfg_app.o(.constdata)
    OSCfg_ISRStkBasePtr                      0x08010038   Data           4  os_cfg_app.o(.constdata)
    OSCfg_ISRStkSize                         0x0801003c   Data           4  os_cfg_app.o(.constdata)
    OSCfg_ISRStkSizeRAM                      0x08010040   Data           4  os_cfg_app.o(.constdata)
    OSCfg_MsgPoolSize                        0x08010044   Data           2  os_cfg_app.o(.constdata)
    OSCfg_MsgPoolSizeRAM                     0x08010048   Data           4  os_cfg_app.o(.constdata)
    OSCfg_MsgPoolBasePtr                     0x0801004c   Data           4  os_cfg_app.o(.constdata)
    OSCfg_StatTaskPrio                       0x08010050   Data           1  os_cfg_app.o(.constdata)
    OSCfg_StatTaskRate_Hz                    0x08010054   Data           4  os_cfg_app.o(.constdata)
    OSCfg_StatTaskStkBasePtr                 0x08010058   Data           4  os_cfg_app.o(.constdata)
    OSCfg_StatTaskStkLimit                   0x0801005c   Data           4  os_cfg_app.o(.constdata)
    OSCfg_StatTaskStkSize                    0x08010060   Data           4  os_cfg_app.o(.constdata)
    OSCfg_StatTaskStkSizeRAM                 0x08010064   Data           4  os_cfg_app.o(.constdata)
    OSCfg_StkSizeMin                         0x08010068   Data           4  os_cfg_app.o(.constdata)
    OSCfg_TickRate_Hz                        0x0801006c   Data           4  os_cfg_app.o(.constdata)
    OSCfg_TickTaskPrio                       0x08010070   Data           1  os_cfg_app.o(.constdata)
    OSCfg_TickTaskStkBasePtr                 0x08010074   Data           4  os_cfg_app.o(.constdata)
    OSCfg_TickTaskStkLimit                   0x08010078   Data           4  os_cfg_app.o(.constdata)
    OSCfg_TickTaskStkSize                    0x0801007c   Data           4  os_cfg_app.o(.constdata)
    OSCfg_TickTaskStkSizeRAM                 0x08010080   Data           4  os_cfg_app.o(.constdata)
    OSCfg_TickWheelSize                      0x08010084   Data           2  os_cfg_app.o(.constdata)
    OSCfg_TickWheelSizeRAM                   0x08010088   Data           4  os_cfg_app.o(.constdata)
    OSCfg_TmrTaskPrio                        0x0801008c   Data           1  os_cfg_app.o(.constdata)
    OSCfg_TmrTaskRate_Hz                     0x08010090   Data           4  os_cfg_app.o(.constdata)
    OSCfg_TmrTaskStkBasePtr                  0x08010094   Data           4  os_cfg_app.o(.constdata)
    OSCfg_TmrTaskStkLimit                    0x08010098   Data           4  os_cfg_app.o(.constdata)
    OSCfg_TmrTaskStkSize                     0x0801009c   Data           4  os_cfg_app.o(.constdata)
    OSCfg_TmrTaskStkSizeRAM                  0x080100a0   Data           4  os_cfg_app.o(.constdata)
    OSCfg_TmrWheelSize                       0x080100a4   Data           2  os_cfg_app.o(.constdata)
    OSCfg_TmrWheelSizeRAM                    0x080100a8   Data           4  os_cfg_app.o(.constdata)
    OSCfg_DataSizeRAM                        0x080100ac   Data           4  os_cfg_app.o(.constdata)
    OSDbg_DbgEn                              0x080100b0   Data           2  os_dbg.o(.constdata)
    OSDbg_ArgChkEn                           0x080100b2   Data           1  os_dbg.o(.constdata)
    OSDbg_AppHooksEn                         0x080100b3   Data           1  os_dbg.o(.constdata)
    OSDbg_EndiannessTest                     0x080100b4   Data           4  os_dbg.o(.constdata)
    OSDbg_CalledFromISRChkEn                 0x080100b8   Data           1  os_dbg.o(.constdata)
    OSDbg_FlagEn                             0x080100b9   Data           1  os_dbg.o(.constdata)
    OSDbg_FlagGrp                            0x080100bc   Data          40  os_dbg.o(.constdata)
    OSDbg_FlagDelEn                          0x080100e4   Data           1  os_dbg.o(.constdata)
    OSDbg_FlagModeClrEn                      0x080100e5   Data           1  os_dbg.o(.constdata)
    OSDbg_FlagPendAbortEn                    0x080100e6   Data           1  os_dbg.o(.constdata)
    OSDbg_FlagGrpSize                        0x080100e8   Data           2  os_dbg.o(.constdata)
    OSDbg_FlagWidth                          0x080100ea   Data           2  os_dbg.o(.constdata)
    OSDbg_IntQ                               0x080100ec   Data           2  os_dbg.o(.constdata)
    OSDbg_ISRPostDeferredEn                  0x080100ee   Data           1  os_dbg.o(.constdata)
    OSDbg_Mem                                0x080100f0   Data          32  os_dbg.o(.constdata)
    OSDbg_MemEn                              0x08010110   Data           1  os_dbg.o(.constdata)
    OSDbg_MemSize                            0x08010112   Data           2  os_dbg.o(.constdata)
    OSDbg_MsgEn                              0x08010114   Data           1  os_dbg.o(.constdata)
    OSDbg_MsgSize                            0x08010116   Data           2  os_dbg.o(.constdata)
    OSDbg_MsgPoolSize                        0x08010118   Data           2  os_dbg.o(.constdata)
    OSDbg_MsgQSize                           0x0801011a   Data           2  os_dbg.o(.constdata)
    OSDbg_Mutex                              0x0801011c   Data          44  os_dbg.o(.constdata)
    OSDbg_MutexEn                            0x08010148   Data           1  os_dbg.o(.constdata)
    OSDbg_MutexDelEn                         0x08010149   Data           1  os_dbg.o(.constdata)
    OSDbg_MutexPendAbortEn                   0x0801014a   Data           1  os_dbg.o(.constdata)
    OSDbg_MutexSize                          0x0801014c   Data           2  os_dbg.o(.constdata)
    OSDbg_ObjTypeChkEn                       0x0801014e   Data           1  os_dbg.o(.constdata)
    OSDbg_PendMultiEn                        0x0801014f   Data           1  os_dbg.o(.constdata)
    OSDbg_PendDataSize                       0x08010150   Data           2  os_dbg.o(.constdata)
    OSDbg_PendListSize                       0x08010152   Data           2  os_dbg.o(.constdata)
    OSDbg_PendObjSize                        0x08010154   Data           2  os_dbg.o(.constdata)
    OSDbg_PrioMax                            0x08010156   Data           2  os_dbg.o(.constdata)
    OSDbg_PrioTblSize                        0x08010158   Data           2  os_dbg.o(.constdata)
    OSDbg_PtrSize                            0x0801015a   Data           2  os_dbg.o(.constdata)
    OSDbg_Q                                  0x0801015c   Data          48  os_dbg.o(.constdata)
    OSDbg_QEn                                0x0801018c   Data           1  os_dbg.o(.constdata)
    OSDbg_QDelEn                             0x0801018d   Data           1  os_dbg.o(.constdata)
    OSDbg_QFlushEn                           0x0801018e   Data           1  os_dbg.o(.constdata)
    OSDbg_QPendAbortEn                       0x0801018f   Data           1  os_dbg.o(.constdata)
    OSDbg_QSize                              0x08010190   Data           2  os_dbg.o(.constdata)
    OSDbg_SchedRoundRobinEn                  0x08010192   Data           1  os_dbg.o(.constdata)
    OSDbg_Sem                                0x08010194   Data          40  os_dbg.o(.constdata)
    OSDbg_SemEn                              0x080101bc   Data           1  os_dbg.o(.constdata)
    OSDbg_SemDelEn                           0x080101bd   Data           1  os_dbg.o(.constdata)
    OSDbg_SemPendAbortEn                     0x080101be   Data           1  os_dbg.o(.constdata)
    OSDbg_SemSetEn                           0x080101bf   Data           1  os_dbg.o(.constdata)
    OSDbg_SemSize                            0x080101c0   Data           2  os_dbg.o(.constdata)
    OSDbg_RdyList                            0x080101c2   Data           2  os_dbg.o(.constdata)
    OSDbg_RdyListSize                        0x080101c4   Data           4  os_dbg.o(.constdata)
    OSDbg_StkWidth                           0x080101c8   Data           1  os_dbg.o(.constdata)
    OSDbg_StatTaskEn                         0x080101c9   Data           1  os_dbg.o(.constdata)
    OSDbg_StatTaskStkChkEn                   0x080101ca   Data           1  os_dbg.o(.constdata)
    OSDbg_TaskChangePrioEn                   0x080101cb   Data           1  os_dbg.o(.constdata)
    OSDbg_TaskDelEn                          0x080101cc   Data           1  os_dbg.o(.constdata)
    OSDbg_TaskQEn                            0x080101cd   Data           1  os_dbg.o(.constdata)
    OSDbg_TaskQPendAbortEn                   0x080101ce   Data           1  os_dbg.o(.constdata)
    OSDbg_TaskProfileEn                      0x080101cf   Data           1  os_dbg.o(.constdata)
    OSDbg_TaskRegTblSize                     0x080101d0   Data           2  os_dbg.o(.constdata)
    OSDbg_TaskSemPendAbortEn                 0x080101d2   Data           1  os_dbg.o(.constdata)
    OSDbg_TaskSuspendEn                      0x080101d3   Data           1  os_dbg.o(.constdata)
    OSDbg_TCBSize                            0x080101d4   Data           2  os_dbg.o(.constdata)
    OSDbg_TickSpokeSize                      0x080101d6   Data           2  os_dbg.o(.constdata)
    OSDbg_TimeDlyHMSMEn                      0x080101d8   Data           1  os_dbg.o(.constdata)
    OSDbg_TimeDlyResumeEn                    0x080101d9   Data           1  os_dbg.o(.constdata)
    OSDbg_TLS_TblSize                        0x080101da   Data           2  os_dbg.o(.constdata)
    OSDbg_Tmr                                0x080101dc   Data          52  os_dbg.o(.constdata)
    OSDbg_TmrEn                              0x08010210   Data           1  os_dbg.o(.constdata)
    OSDbg_TmrDelEn                           0x08010211   Data           1  os_dbg.o(.constdata)
    OSDbg_TmrSize                            0x08010212   Data           2  os_dbg.o(.constdata)
    OSDbg_TmrSpokeSize                       0x08010214   Data           2  os_dbg.o(.constdata)
    OSDbg_VersionNbr                         0x08010216   Data           2  os_dbg.o(.constdata)
    OSDbg_DataSize                           0x08010218   Data           4  os_dbg.o(.constdata)
    Region$$Table$$Base                      0x0801021c   Number         0  anon$$obj.o(Region$$Table)
    Region$$Table$$Limit                     0x0801023c   Number         0  anon$$obj.o(Region$$Table)
    SystemCoreClock                          0x20000000   Data           4  system_stm32f4xx.o(.data)
    AHBPrescTable                            0x20000004   Data          16  system_stm32f4xx.o(.data)
    Merr                                     0x20000014   Data           2  my_task.o(.data)
    debug                                    0x20000016   Data           1  can.o(.data)
    Speed_Pid                                0x20000018   Data         384  rc_2006.o(.data)
    Pos_Pid                                  0x20000198   Data         384  rc_2006.o(.data)
    can_Sendbuf                              0x20000318   Data           8  rc_2006.o(.data)
    QUEUE_CAN_IDx                            0x20000320   Data           4  rc_elmo.o(.data)
    CAN_State                                0x2000032d   Data           1  rc_elmo.o(.data)
    Elmo_Init_Flag                           0x20000330   Data           4  rc_elmo.o(.data)
    CPU_TS_TmrFreq_Hz                        0x20000348   Data           4  cpu_core.o(.data)
    Mem_PoolTbl                              0x2000034c   Data           4  lib_mem.o(.data)
    OSPrioTbl                                0x20000350   Data           8  os_prio.o(.data)
    OS_AppTaskCreateHookPtr                  0x20000358   Data           4  os_var.o(.data)
    OS_AppTaskDelHookPtr                     0x2000035c   Data           4  os_var.o(.data)
    OS_AppTaskReturnHookPtr                  0x20000360   Data           4  os_var.o(.data)
    OS_AppIdleTaskHookPtr                    0x20000364   Data           4  os_var.o(.data)
    OS_AppStatTaskHookPtr                    0x20000368   Data           4  os_var.o(.data)
    OS_AppTaskSwHookPtr                      0x2000036c   Data           4  os_var.o(.data)
    OS_AppTimeTickHookPtr                    0x20000370   Data           4  os_var.o(.data)
    OSIdleTaskCtr                            0x20000374   Data           4  os_var.o(.data)
    OSIntNestingCtr                          0x20000378   Data           1  os_var.o(.data)
    OSRunning                                0x20000379   Data           1  os_var.o(.data)
    OSIntQInPtr                              0x2000037c   Data           4  os_var.o(.data)
    OSIntQOutPtr                             0x20000380   Data           4  os_var.o(.data)
    OSIntQNbrEntries                         0x20000384   Data           2  os_var.o(.data)
    OSIntQNbrEntriesMax                      0x20000386   Data           2  os_var.o(.data)
    OSIntQOvfCtr                             0x20000388   Data           2  os_var.o(.data)
    OSIntQTaskTimeMax                        0x2000038c   Data           4  os_var.o(.data)
    OSFlagDbgListPtr                         0x20000390   Data           4  os_var.o(.data)
    OSFlagQty                                0x20000394   Data           2  os_var.o(.data)
    OSMemDbgListPtr                          0x20000398   Data           4  os_var.o(.data)
    OSMemQty                                 0x2000039c   Data           2  os_var.o(.data)
    OSMutexDbgListPtr                        0x200003a0   Data           4  os_var.o(.data)
    OSMutexQty                               0x200003a4   Data           2  os_var.o(.data)
    OSPrioCur                                0x200003a6   Data           1  os_var.o(.data)
    OSPrioHighRdy                            0x200003a7   Data           1  os_var.o(.data)
    OSPrioSaved                              0x200003a8   Data           1  os_var.o(.data)
    OSQDbgListPtr                            0x200003ac   Data           4  os_var.o(.data)
    OSQQty                                   0x200003b0   Data           2  os_var.o(.data)
    OSSchedLockTimeBegin                     0x200003b4   Data           4  os_var.o(.data)
    OSSchedLockTimeMax                       0x200003b8   Data           4  os_var.o(.data)
    OSSchedLockTimeMaxCur                    0x200003bc   Data           4  os_var.o(.data)
    OSSchedLockNestingCtr                    0x200003c0   Data           1  os_var.o(.data)
    OSSchedRoundRobinDfltTimeQuanta          0x200003c4   Data           4  os_var.o(.data)
    OSSchedRoundRobinEn                      0x200003c8   Data           1  os_var.o(.data)
    OSSemDbgListPtr                          0x200003cc   Data           4  os_var.o(.data)
    OSSemQty                                 0x200003d0   Data           2  os_var.o(.data)
    OSStatResetFlag                          0x200003d2   Data           1  os_var.o(.data)
    OSStatTaskCPUUsage                       0x200003d4   Data           2  os_var.o(.data)
    OSStatTaskCPUUsageMax                    0x200003d6   Data           2  os_var.o(.data)
    OSStatTaskCtr                            0x200003d8   Data           4  os_var.o(.data)
    OSStatTaskCtrMax                         0x200003dc   Data           4  os_var.o(.data)
    OSStatTaskCtrRun                         0x200003e0   Data           4  os_var.o(.data)
    OSStatTaskRdy                            0x200003e4   Data           1  os_var.o(.data)
    OSStatTaskTimeMax                        0x200003e8   Data           4  os_var.o(.data)
    OSTaskCtxSwCtr                           0x200003ec   Data           4  os_var.o(.data)
    OSTaskDbgListPtr                         0x200003f0   Data           4  os_var.o(.data)
    OSTaskQty                                0x200003f4   Data           2  os_var.o(.data)
    OSTaskRegNextAvailID                     0x200003f6   Data           1  os_var.o(.data)
    OSTickCtr                                0x200003f8   Data           4  os_var.o(.data)
    OSTickTaskTimeMax                        0x200003fc   Data           4  os_var.o(.data)
    OSTmrDbgListPtr                          0x20000400   Data           4  os_var.o(.data)
    OSTmrQty                                 0x20000404   Data           2  os_var.o(.data)
    OSTmrTaskTimeMax                         0x20000408   Data           4  os_var.o(.data)
    OSTmrTickCtr                             0x2000040c   Data           4  os_var.o(.data)
    OSTmrUpdateCnt                           0x20000410   Data           4  os_var.o(.data)
    OSTmrUpdateCtr                           0x20000414   Data           4  os_var.o(.data)
    OSTCBCurPtr                              0x20000418   Data           4  os_var.o(.data)
    OSTCBHighRdyPtr                          0x2000041c   Data           4  os_var.o(.data)
    OS_CPU_ExceptStkBase                     0x20000420   Data           4  os_cpu_c.o(.data)
    CreateTaskTCB                            0x20000424   Data         196  my_task.o(.bss)
    Check_TaskTCB                            0x200004e8   Data         196  my_task.o(.bss)
    Loop_TaskTCB                             0x200005ac   Data         196  my_task.o(.bss)
    CREATE_TASK_STK                          0x20000670   Data         512  my_task.o(.bss)
    CHECK_TASK_STK                           0x20000870   Data        8192  my_task.o(.bss)
    LOOP_TASK_STK                            0x20002870   Data        8192  my_task.o(.bss)
    Move_SEM                                 0x20004870   Data          40  my_task.o(.bss)
    CAN1RxMessage                            0x20004898   Data          20  can.o(.bss)
    CAN2RxMessage                            0x200048ac   Data          20  can.o(.bss)
    M2006_Feedback_Buf                       0x200048c0   Data          48  rc_2006.o(.bss)
    M2006_Pos                                0x200048f0   Data          32  rc_2006.o(.bss)
    CAN2TxMessage                            0x200088d0   Data          20  rc_elmo.o(.bss)
    CPU_Name                                 0x200088e4   Data          16  cpu_core.o(.bss)
    Mem_PoolHeap                             0x200088f4   Data          72  lib_mem.o(.bss)
    Mem_Heap                                 0x2000893c   Data        1024  lib_mem.o(.bss)
    OSCfg_IdleTaskStk                        0x20008d3c   Data         512  os_cfg_app.o(.bss)
    OSCfg_IntQ                               0x20008f3c   Data         320  os_cfg_app.o(.bss)
    OSCfg_IntQTaskStk                        0x2000907c   Data         512  os_cfg_app.o(.bss)
    OSCfg_ISRStk                             0x2000927c   Data         512  os_cfg_app.o(.bss)
    OSCfg_MsgPool                            0x2000947c   Data        1600  os_cfg_app.o(.bss)
    OSCfg_StatTaskStk                        0x20009abc   Data         512  os_cfg_app.o(.bss)
    OSCfg_TickTaskStk                        0x20009cbc   Data         512  os_cfg_app.o(.bss)
    OSCfg_TickWheel                          0x20009ebc   Data         136  os_cfg_app.o(.bss)
    OSCfg_TmrTaskStk                         0x20009f44   Data         512  os_cfg_app.o(.bss)
    OSCfg_TmrWheel                           0x2000a144   Data         136  os_cfg_app.o(.bss)
    OSIdleTaskTCB                            0x2000a1cc   Data         196  os_var.o(.bss)
    OSIntQTaskTCB                            0x2000a290   Data         196  os_var.o(.bss)
    OSMsgPool                                0x2000a354   Data          12  os_var.o(.bss)
    OSRdyList                                0x2000a360   Data         768  os_var.o(.bss)
    OSStatTaskTCB                            0x2000a660   Data         196  os_var.o(.bss)
    OSTickTaskTCB                            0x2000a724   Data         196  os_var.o(.bss)
    OSTmrTaskTCB                             0x2000a7e8   Data         196  os_var.o(.bss)
    RobotStatus                              0x2000a8ac   Data          22  exchange.o(.bss)
    __libspace_start                         0x2000a8c4   Data          96  libspace.o(.bss)
    __temporary_stack_top$libspace           0x2000a924   Data           0  libspace.o(.bss)



==============================================================================

Memory Map of the image

  Image Entry point : 0x08000189

  Load Region LR_IROM1 (Base: 0x08000000, Size: 0x00010660, Max: 0x00100000, ABSOLUTE, COMPRESSED[0x00010284])

    Execution Region ER_IROM1 (Exec base: 0x08000000, Load base: 0x08000000, Size: 0x0001023c, Max: 0x00100000, ABSOLUTE)

    Exec Addr    Load Addr    Size         Type   Attr      Idx    E Section Name        Object

    0x08000000   0x08000000   0x00000188   Data   RO          642    RESET               startup_stm32f40_41xxx.o
    0x08000188   0x08000188   0x00000008   Code   RO         1337  * !!!main             c_w.l(__main.o)
    0x08000190   0x08000190   0x00000034   Code   RO         1506    !!!scatter          c_w.l(__scatter.o)
    0x080001c4   0x080001c4   0x0000005a   Code   RO         1504    !!dczerorl2         c_w.l(__dczerorl2.o)
    0x0800021e   0x0800021e   0x00000002   PAD
    0x08000220   0x08000220   0x0000001c   Code   RO         1508    !!handler_zi        c_w.l(__scatter_zi.o)
    0x0800023c   0x0800023c   0x00000002   Code   RO         1378    .ARM.Collect$$libinit$$00000000  c_w.l(libinit.o)
    0x0800023e   0x0800023e   0x00000004   Code   RO         1390    .ARM.Collect$$libinit$$00000001  c_w.l(libinit2.o)
    0x08000242   0x08000242   0x00000000   Code   RO         1393    .ARM.Collect$$libinit$$00000004  c_w.l(libinit2.o)
    0x08000242   0x08000242   0x00000000   Code   RO         1396    .ARM.Collect$$libinit$$0000000A  c_w.l(libinit2.o)
    0x08000242   0x08000242   0x00000000   Code   RO         1398    .ARM.Collect$$libinit$$0000000C  c_w.l(libinit2.o)
    0x08000242   0x08000242   0x00000000   Code   RO         1400    .ARM.Collect$$libinit$$0000000E  c_w.l(libinit2.o)
    0x08000242   0x08000242   0x00000000   Code   RO         1403    .ARM.Collect$$libinit$$00000011  c_w.l(libinit2.o)
    0x08000242   0x08000242   0x00000000   Code   RO         1405    .ARM.Collect$$libinit$$00000013  c_w.l(libinit2.o)
    0x08000242   0x08000242   0x00000000   Code   RO         1407    .ARM.Collect$$libinit$$00000015  c_w.l(libinit2.o)
    0x08000242   0x08000242   0x00000000   Code   RO         1409    .ARM.Collect$$libinit$$00000017  c_w.l(libinit2.o)
    0x08000242   0x08000242   0x00000000   Code   RO         1411    .ARM.Collect$$libinit$$00000019  c_w.l(libinit2.o)
    0x08000242   0x08000242   0x00000000   Code   RO         1413    .ARM.Collect$$libinit$$0000001B  c_w.l(libinit2.o)
    0x08000242   0x08000242   0x00000000   Code   RO         1415    .ARM.Collect$$libinit$$0000001D  c_w.l(libinit2.o)
    0x08000242   0x08000242   0x00000000   Code   RO         1417    .ARM.Collect$$libinit$$0000001F  c_w.l(libinit2.o)
    0x08000242   0x08000242   0x00000000   Code   RO         1419    .ARM.Collect$$libinit$$00000021  c_w.l(libinit2.o)
    0x08000242   0x08000242   0x00000000   Code   RO         1421    .ARM.Collect$$libinit$$00000023  c_w.l(libinit2.o)
    0x08000242   0x08000242   0x00000000   Code   RO         1423    .ARM.Collect$$libinit$$00000025  c_w.l(libinit2.o)
    0x08000242   0x08000242   0x00000000   Code   RO         1427    .ARM.Collect$$libinit$$0000002C  c_w.l(libinit2.o)
    0x08000242   0x08000242   0x00000000   Code   RO         1429    .ARM.Collect$$libinit$$0000002E  c_w.l(libinit2.o)
    0x08000242   0x08000242   0x00000000   Code   RO         1431    .ARM.Collect$$libinit$$00000030  c_w.l(libinit2.o)
    0x08000242   0x08000242   0x00000000   Code   RO         1433    .ARM.Collect$$libinit$$00000032  c_w.l(libinit2.o)
    0x08000242   0x08000242   0x00000002   Code   RO         1434    .ARM.Collect$$libinit$$00000033  c_w.l(libinit2.o)
    0x08000244   0x08000244   0x00000002   Code   RO         1460    .ARM.Collect$$libshutdown$$00000000  c_w.l(libshutdown.o)
    0x08000246   0x08000246   0x00000000   Code   RO         1487    .ARM.Collect$$libshutdown$$00000002  c_w.l(libshutdown2.o)
    0x08000246   0x08000246   0x00000000   Code   RO         1489    .ARM.Collect$$libshutdown$$00000004  c_w.l(libshutdown2.o)
    0x08000246   0x08000246   0x00000000   Code   RO         1492    .ARM.Collect$$libshutdown$$00000007  c_w.l(libshutdown2.o)
    0x08000246   0x08000246   0x00000000   Code   RO         1495    .ARM.Collect$$libshutdown$$0000000A  c_w.l(libshutdown2.o)
    0x08000246   0x08000246   0x00000000   Code   RO         1497    .ARM.Collect$$libshutdown$$0000000C  c_w.l(libshutdown2.o)
    0x08000246   0x08000246   0x00000000   Code   RO         1500    .ARM.Collect$$libshutdown$$0000000F  c_w.l(libshutdown2.o)
    0x08000246   0x08000246   0x00000002   Code   RO         1501    .ARM.Collect$$libshutdown$$00000010  c_w.l(libshutdown2.o)
    0x08000248   0x08000248   0x00000000   Code   RO         1341    .ARM.Collect$$rtentry$$00000000  c_w.l(__rtentry.o)
    0x08000248   0x08000248   0x00000000   Code   RO         1349    .ARM.Collect$$rtentry$$00000002  c_w.l(__rtentry2.o)
    0x08000248   0x08000248   0x00000006   Code   RO         1361    .ARM.Collect$$rtentry$$00000004  c_w.l(__rtentry4.o)
    0x0800024e   0x0800024e   0x00000000   Code   RO         1351    .ARM.Collect$$rtentry$$00000009  c_w.l(__rtentry2.o)
    0x0800024e   0x0800024e   0x00000004   Code   RO         1352    .ARM.Collect$$rtentry$$0000000A  c_w.l(__rtentry2.o)
    0x08000252   0x08000252   0x00000000   Code   RO         1354    .ARM.Collect$$rtentry$$0000000C  c_w.l(__rtentry2.o)
    0x08000252   0x08000252   0x00000008   Code   RO         1355    .ARM.Collect$$rtentry$$0000000D  c_w.l(__rtentry2.o)
    0x0800025a   0x0800025a   0x00000002   Code   RO         1382    .ARM.Collect$$rtexit$$00000000  c_w.l(rtexit.o)
    0x0800025c   0x0800025c   0x00000000   Code   RO         1436    .ARM.Collect$$rtexit$$00000002  c_w.l(rtexit2.o)
    0x0800025c   0x0800025c   0x00000004   Code   RO         1437    .ARM.Collect$$rtexit$$00000003  c_w.l(rtexit2.o)
    0x08000260   0x08000260   0x00000006   Code   RO         1438    .ARM.Collect$$rtexit$$00000004  c_w.l(rtexit2.o)
    0x08000266   0x08000266   0x00000002   PAD
    0x08000268   0x08000268   0x00000110   Code   RO            3    .text               main.o
    0x08000378   0x08000378   0x00000016   Code   RO          232    .text               stm32f4xx_it.o
    0x0800038e   0x0800038e   0x00000002   PAD
    0x08000390   0x08000390   0x00000210   Code   RO          356    .text               system_stm32f4xx.o
    0x080005a0   0x080005a0   0x000001ac   Code   RO          382    .text               my_task.o
    0x0800074c   0x0800074c   0x00000040   Code   RO          409    .text               led.o
    0x0800078c   0x0800078c   0x000003e4   Code   RO          429    .text               can.o
    0x08000b70   0x08000b70   0x00000658   Code   RO          464    .text               rc_2006.o
    0x080011c8   0x080011c8   0x00001eb4   Code   RO          526    .text               rc_elmo.o
    0x0800307c   0x0800307c   0x0000028c   Code   RO          619    .text               timer.o
    0x08003308   0x08003308   0x00000040   Code   RO          643    .text               startup_stm32f40_41xxx.o
    0x08003348   0x08003348   0x000000e0   Code   RO          649    .text               misc.o
    0x08003428   0x08003428   0x00000294   Code   RO          669    .text               stm32f4xx_gpio.o
    0x080036bc   0x080036bc   0x0000065c   Code   RO          689    .text               stm32f4xx_rcc.o
    0x08003d18   0x08003d18   0x00000454   Code   RO          731    .text               stm32f4xx_usart.o
    0x0800416c   0x0800416c   0x000009f0   Code   RO          751    .text               stm32f4xx_can.o
    0x08004b5c   0x08004b5c   0x000003a8   Code   RO          771    .text               stm32f4xx_dma.o
    0x08004f04   0x08004f04   0x00000ca2   Code   RO          791    .text               stm32f4xx_tim.o
    0x08005ba6   0x08005ba6   0x00000002   PAD
    0x08005ba8   0x08005ba8   0x00000148   Code   RO          811    .text               delay.o
    0x08005cf0   0x08005cf0   0x000005dc   Code   RO          854    .text               rc_uart_dma.o
    0x080062cc   0x080062cc   0x00000084   Code   RO          885    .text               bsp.o
    0x08006350   0x08006350   0x000002a8   Code   RO          918    .text               cpu_core.o
    0x080065f8   0x080065f8   0x00000034   Code   RO          944    .text               cpu_a.o
    0x0800662c   0x0800662c   0x00000256   Code   RO          947    .text               lib_ascii.o
    0x08006882   0x08006882   0x00000002   PAD
    0x08006884   0x08006884   0x000009c6   Code   RO          980    .text               lib_mem.o
    0x0800724a   0x0800724a   0x00000002   PAD
    0x0800724c   0x0800724c   0x0000092c   Code   RO          999    .text               lib_str.o
    0x08007b78   0x08007b78   0x00000220   Code   RO         1016    .text               lib_mem_a.o
    0x08007d98   0x08007d98   0x000000fc   Code   RO         1019    .text               os_cfg_app.o
    0x08007e94   0x08007e94   0x00000df0   Code   RO         1042    .text               os_core.o
    0x08008c84   0x08008c84   0x000001b0   Code   RO         1054    .text               os_dbg.o
    0x08008e34   0x08008e34   0x00000e28   Code   RO         1069    .text               os_flag.o
    0x08009c5c   0x08009c5c   0x00000444   Code   RO         1081    .text               os_int.o
    0x0800a0a0   0x0800a0a0   0x00000238   Code   RO         1093    .text               os_mem.o
    0x0800a2d8   0x0800a2d8   0x0000022c   Code   RO         1105    .text               os_msg.o
    0x0800a504   0x0800a504   0x00000ad4   Code   RO         1117    .text               os_mutex.o
    0x0800afd8   0x0800afd8   0x0000007c   Code   RO         1135    .text               os_prio.o
    0x0800b054   0x0800b054   0x000008d8   Code   RO         1154    .text               os_q.o
    0x0800b92c   0x0800b92c   0x00000830   Code   RO         1166    .text               os_sem.o
    0x0800c15c   0x0800c15c   0x00000638   Code   RO         1178    .text               os_stat.o
    0x0800c794   0x0800c794   0x00001bb4   Code   RO         1190    .text               os_task.o
    0x0800e348   0x0800e348   0x000004fc   Code   RO         1202    .text               os_tick.o
    0x0800e844   0x0800e844   0x00000564   Code   RO         1214    .text               os_time.o
    0x0800eda8   0x0800eda8   0x00000818   Code   RO         1226    .text               os_tmr.o
    0x0800f5c0   0x0800f5c0   0x000003f8   Code   RO         1254    .text               os_cpu_c.o
    0x0800f9b8   0x0800f9b8   0x0000016c   Code   RO         1301    .text               exchange.o
    0x0800fb24   0x0800fb24   0x00000002   Code   RO         1327    .text               c_w.l(use_no_semi_2.o)
    0x0800fb26   0x0800fb26   0x000000ee   Code   RO         1329    .text               c_w.l(lludivv7m.o)
    0x0800fc14   0x0800fc14   0x0000008a   Code   RO         1331    .text               c_w.l(rt_memcpy_v6.o)
    0x0800fc9e   0x0800fc9e   0x0000004e   Code   RO         1333    .text               c_w.l(rt_memclr_w.o)
    0x0800fcec   0x0800fcec   0x00000006   Code   RO         1335    .text               c_w.l(heapauxi.o)
    0x0800fcf2   0x0800fcf2   0x00000002   Code   RO         1339    .text               c_w.l(use_no_semi.o)
    0x0800fcf4   0x0800fcf4   0x00000064   Code   RO         1346    .text               c_w.l(rt_memcpy_w.o)
    0x0800fd58   0x0800fd58   0x0000004a   Code   RO         1365    .text               c_w.l(sys_stackheap_outer.o)
    0x0800fda2   0x0800fda2   0x00000012   Code   RO         1367    .text               c_w.l(exit.o)
    0x0800fdb4   0x0800fdb4   0x00000008   Code   RO         1379    .text               c_w.l(libspace.o)
    0x0800fdbc   0x0800fdbc   0x000000ac   Code   RO         1278    CODE                os_cpu_a.o
    0x0800fe68   0x0800fe68   0x0000000a   Code   RO         1448    x$fpl$fpinit        fz_wm.l(fpinit.o)
    0x0800fe72   0x0800fe72   0x00000002   PAD
    0x0800fe74   0x0800fe74   0x00000104   Data   RO          920    .constdata          cpu_core.o
    0x0800ff78   0x0800ff78   0x00000094   Data   RO         1000    .constdata          lib_str.o
    0x0801000c   0x0801000c   0x000000a4   Data   RO         1021    .constdata          os_cfg_app.o
    0x080100b0   0x080100b0   0x0000016c   Data   RO         1055    .constdata          os_dbg.o
    0x0801021c   0x0801021c   0x00000020   Data   RO         1502    Region$$Table       anon$$obj.o


    Execution Region RW_IRAM2 (Exec base: 0x10000000, Load base: 0x08010284, Size: 0x00000000, Max: 0x00010000, ABSOLUTE)

    **** No section assigned to this execution region ****


    Execution Region RW_IRAM1 (Exec base: 0x20000000, Load base: 0x0801023c, Size: 0x0000af28, Max: 0x00020000, ABSOLUTE, COMPRESSED[0x00000048])

    Exec Addr    Load Addr    Size         Type   Attr      Idx    E Section Name        Object

    0x20000000   COMPRESSED   0x00000014   Data   RW          357    .data               system_stm32f4xx.o
    0x20000014   COMPRESSED   0x00000002   Data   RW          384    .data               my_task.o
    0x20000016   COMPRESSED   0x00000001   Data   RW          431    .data               can.o
    0x20000017   COMPRESSED   0x00000001   PAD
    0x20000018   COMPRESSED   0x00000308   Data   RW          466    .data               rc_2006.o
    0x20000320   COMPRESSED   0x00000014   Data   RW          528    .data               rc_elmo.o
    0x20000334   COMPRESSED   0x00000010   Data   RW          690    .data               stm32f4xx_rcc.o
    0x20000344   COMPRESSED   0x00000004   Data   RW          812    .data               delay.o
    0x20000348   COMPRESSED   0x00000004   Data   RW          921    .data               cpu_core.o
    0x2000034c   COMPRESSED   0x00000004   Data   RW          982    .data               lib_mem.o
    0x20000350   COMPRESSED   0x00000008   Data   RW         1136    .data               os_prio.o
    0x20000358   COMPRESSED   0x000000c8   Data   RW         1239    .data               os_var.o
    0x20000420   COMPRESSED   0x00000004   Data   RW         1255    .data               os_cpu_c.o
    0x20000424        -       0x00004474   Zero   RW          383    .bss                my_task.o
    0x20004898        -       0x00000028   Zero   RW          430    .bss                can.o
    0x200048c0        -       0x00000090   Zero   RW          465    .bss                rc_2006.o
    0x20004950        -       0x00003f94   Zero   RW          527    .bss                rc_elmo.o
    0x200088e4        -       0x00000010   Zero   RW          919    .bss                cpu_core.o
    0x200088f4        -       0x00000448   Zero   RW          981    .bss                lib_mem.o
    0x20008d3c        -       0x00001490   Zero   RW         1020    .bss                os_cfg_app.o
    0x2000a1cc        -       0x000006e0   Zero   RW         1238    .bss                os_var.o
    0x2000a8ac        -       0x00000016   Zero   RW         1302    .bss                exchange.o
    0x2000a8c2   COMPRESSED   0x00000002   PAD
    0x2000a8c4        -       0x00000060   Zero   RW         1380    .bss                c_w.l(libspace.o)
    0x2000a924   COMPRESSED   0x00000004   PAD
    0x2000a928        -       0x00000200   Zero   RW          641    HEAP                startup_stm32f40_41xxx.o
    0x2000ab28        -       0x00000400   Zero   RW          640    STACK               startup_stm32f40_41xxx.o


==============================================================================

Image component sizes


      Code (inc. data)   RO Data    RW Data    ZI Data      Debug   Object Name

       132         14          0          0          0       1251   bsp.o
       996         42          0          1         40      29908   can.o
        52          0          0          0          0        348   cpu_a.o
       680         14        260          4         16      14895   cpu_core.o
       328         24          0          4          0       1957   delay.o
       364         24          0          0         22       2502   exchange.o
        64          4          0          0          0        563   led.o
       598          0          0          0          0       4000   lib_ascii.o
      2502         32          0          4       1096      22496   lib_mem.o
       544          0          0          0          0        492   lib_mem_a.o
      2348          6        148          0          0      13990   lib_str.o
       272         38          0          0          0     298447   main.o
       224         20          0          0          0       2021   misc.o
       428         68          0          2      17524       2237   my_task.o
       252        166        164          0       5264      21034   os_cfg_app.o
      3568        284          0          0          0      12693   os_core.o
       172         32          0          0          0        412   os_cpu_a.o
      1016         64          0          4          0       4209   os_cpu_c.o
       432        286        364          0          0       4857   os_dbg.o
      3624        110          0          0          0       8323   os_flag.o
      1092        146          0          0          0       2432   os_int.o
       568         20          0          0          0       2952   os_mem.o
       556         12          0          0          0       2943   os_msg.o
      2772        114          0          0          0       5862   os_mutex.o
       124          4          0          8          0       2008   os_prio.o
      2264         76          0          0          0       6624   os_q.o
      2096         70          0          0          0       6640   os_sem.o
      1592        180          0          0          0       2913   os_stat.o
      7092        270          0          0          0      14466   os_task.o
      1276         90          0          0          0       3529   os_tick.o
      1380         46          0          0          0       3385   os_time.o
      2072        140          0          0          0       6766   os_tmr.o
         0          0          0        200       1760      19397   os_var.o
      1624         54          0        776        144     242004   rc_2006.o
      7860        402          0         20      16276      54527   rc_elmo.o
      1500         62          0          0          0       6348   rc_uart_dma.o
        64         26        392          0       1536        852   startup_stm32f40_41xxx.o
      2544         38          0          0          0       8348   stm32f4xx_can.o
       936         32          0          0          0       6601   stm32f4xx_dma.o
       660         44          0          0          0       4361   stm32f4xx_gpio.o
        22          0          0          0          0      61907   stm32f4xx_it.o
      1628         52          0         16          0      13292   stm32f4xx_rcc.o
      3234         60          0          0          0      23216   stm32f4xx_tim.o
      1108         34          0          0          0       8088   stm32f4xx_usart.o
       528         46          0         20          0       1879   system_stm32f4xx.o
       652         16          0          0          0       2230   timer.o

    ----------------------------------------------------------------------
     63848       3262       1360       1060      43680     960205   Object Totals
         0          0         32          0          0          0   (incl. Generated)
         8          0          0          1          2          0   (incl. Padding)

    ----------------------------------------------------------------------

      Code (inc. data)   RO Data    RW Data    ZI Data      Debug   Library Member Name

        90          0          0          0          0          0   __dczerorl2.o
         8          0          0          0          0         68   __main.o
         0          0          0          0          0          0   __rtentry.o
        12          0          0          0          0          0   __rtentry2.o
         6          0          0          0          0          0   __rtentry4.o
        52          8          0          0          0          0   __scatter.o
        28          0          0          0          0          0   __scatter_zi.o
        18          0          0          0          0         80   exit.o
         6          0          0          0          0        152   heapauxi.o
         2          0          0          0          0          0   libinit.o
         6          0          0          0          0          0   libinit2.o
         2          0          0          0          0          0   libshutdown.o
         2          0          0          0          0          0   libshutdown2.o
         8          4          0          0         96         68   libspace.o
       238          0          0          0          0        100   lludivv7m.o
        78          0          0          0          0         80   rt_memclr_w.o
       138          0          0          0          0         68   rt_memcpy_v6.o
       100          0          0          0          0         80   rt_memcpy_w.o
         2          0          0          0          0          0   rtexit.o
        10          0          0          0          0          0   rtexit2.o
        74          0          0          0          0         80   sys_stackheap_outer.o
         2          0          0          0          0         68   use_no_semi.o
         2          0          0          0          0         68   use_no_semi_2.o
        10          0          0          0          0        116   fpinit.o

    ----------------------------------------------------------------------
       900         12          0          0        100       1028   Library Totals
         6          0          0          0          4          0   (incl. Padding)

    ----------------------------------------------------------------------

      Code (inc. data)   RO Data    RW Data    ZI Data      Debug   Library Name

       884         12          0          0         96        912   c_w.l
        10          0          0          0          0        116   fz_wm.l

    ----------------------------------------------------------------------
       900         12          0          0        100       1028   Library Totals

    ----------------------------------------------------------------------

==============================================================================


      Code (inc. data)   RO Data    RW Data    ZI Data      Debug   

     64748       3274       1360       1060      43780     951069   Grand Totals
     64748       3274       1360         72      43780     951069   ELF Image Totals (compressed)
     64748       3274       1360         72          0          0   ROM Totals

==============================================================================

    Total RO  Size (Code + RO Data)                66108 (  64.56kB)
    Total RW  Size (RW Data + ZI Data)             44840 (  43.79kB)
    Total ROM Size (Code + RO Data + RW Data)      66180 (  64.63kB)

==============================================================================

